Component: ARM Compiler 6.16 Tool: armlink [5dfeaa00]

==============================================================================

Section Cross References

    startup_stm32g030xx.o(STACK) refers (Special) to heapauxi.o(.text) for __use_two_region_memory
    startup_stm32g030xx.o(HEAP) refers (Special) to heapauxi.o(.text) for __use_two_region_memory
    startup_stm32g030xx.o(RESET) refers (Special) to heapauxi.o(.text) for __use_two_region_memory
    startup_stm32g030xx.o(RESET) refers to startup_stm32g030xx.o(STACK) for __initial_sp
    startup_stm32g030xx.o(RESET) refers to startup_stm32g030xx.o(.text) for Reset_Handler
    startup_stm32g030xx.o(RESET) refers to stm32g0xx_it.o(.text.NMI_Handler) for NMI_Handler
    startup_stm32g030xx.o(RESET) refers to stm32g0xx_it.o(.text.HardFault_Handler) for HardFault_Handler
    startup_stm32g030xx.o(RESET) refers to stm32g0xx_it.o(.text.SVC_Handler) for SVC_Handler
    startup_stm32g030xx.o(RESET) refers to stm32g0xx_it.o(.text.PendSV_Handler) for PendSV_Handler
    startup_stm32g030xx.o(RESET) refers to stm32g0xx_it.o(.text.SysTick_Handler) for SysTick_Handler
    startup_stm32g030xx.o(.text) refers (Special) to heapauxi.o(.text) for __use_two_region_memory
    startup_stm32g030xx.o(.text) refers to system_stm32g0xx.o(.text.SystemInit) for SystemInit
    startup_stm32g030xx.o(.text) refers to __main.o(!!!main) for __main
    startup_stm32g030xx.o(.text) refers to startup_stm32g030xx.o(HEAP) for Heap_Mem
    startup_stm32g030xx.o(.text) refers to startup_stm32g030xx.o(STACK) for Stack_Mem
    main.o(.text.main) refers to stm32g0xx_hal.o(.text.HAL_Init) for HAL_Init
    main.o(.text.main) refers to main.o(.text.SystemClock_Config) for SystemClock_Config
    main.o(.text.main) refers to gpio.o(.text.MX_GPIO_Init) for MX_GPIO_Init
    main.o(.text.main) refers to tim.o(.text.MX_TIM1_Init) for MX_TIM1_Init
    main.o(.text.main) refers to test.o(.text.Setup) for Setup
    main.o(.text.main) refers to test.o(.text.Loop) for Loop
    main.o(.ARM.exidx.text.main) refers to main.o(.text.main) for [Anonymous Symbol]
    main.o(.text.SystemClock_Config) refers to rt_memclr.o(.text) for __aeabi_memclr4
    main.o(.text.SystemClock_Config) refers to stm32g0xx_hal_pwr_ex.o(.text.HAL_PWREx_ControlVoltageScaling) for HAL_PWREx_ControlVoltageScaling
    main.o(.text.SystemClock_Config) refers to stm32g0xx_hal_rcc.o(.text.HAL_RCC_OscConfig) for HAL_RCC_OscConfig
    main.o(.text.SystemClock_Config) refers to stm32g0xx_hal_rcc.o(.text.HAL_RCC_ClockConfig) for HAL_RCC_ClockConfig
    main.o(.text.SystemClock_Config) refers to main.o(.text.Error_Handler) for Error_Handler
    main.o(.ARM.exidx.text.SystemClock_Config) refers to main.o(.text.SystemClock_Config) for [Anonymous Symbol]
    main.o(.ARM.exidx.text.Error_Handler) refers to main.o(.text.Error_Handler) for [Anonymous Symbol]
    gpio.o(.ARM.exidx.text.MX_GPIO_Init) refers to gpio.o(.text.MX_GPIO_Init) for [Anonymous Symbol]
    tim.o(.text.MX_TIM1_Init) refers to rt_memclr.o(.text) for __aeabi_memclr4
    tim.o(.text.MX_TIM1_Init) refers to stm32g0xx_hal_tim.o(.text.HAL_TIM_Base_Init) for HAL_TIM_Base_Init
    tim.o(.text.MX_TIM1_Init) refers to main.o(.text.Error_Handler) for Error_Handler
    tim.o(.text.MX_TIM1_Init) refers to stm32g0xx_hal_tim.o(.text.HAL_TIM_ConfigClockSource) for HAL_TIM_ConfigClockSource
    tim.o(.text.MX_TIM1_Init) refers to stm32g0xx_hal_tim.o(.text.HAL_TIM_PWM_Init) for HAL_TIM_PWM_Init
    tim.o(.text.MX_TIM1_Init) refers to stm32g0xx_hal_tim_ex.o(.text.HAL_TIMEx_MasterConfigSynchronization) for HAL_TIMEx_MasterConfigSynchronization
    tim.o(.text.MX_TIM1_Init) refers to stm32g0xx_hal_tim.o(.text.HAL_TIM_PWM_ConfigChannel) for HAL_TIM_PWM_ConfigChannel
    tim.o(.text.MX_TIM1_Init) refers to stm32g0xx_hal_tim_ex.o(.text.HAL_TIMEx_ConfigBreakDeadTime) for HAL_TIMEx_ConfigBreakDeadTime
    tim.o(.text.MX_TIM1_Init) refers to tim.o(.text.HAL_TIM_MspPostInit) for HAL_TIM_MspPostInit
    tim.o(.text.MX_TIM1_Init) refers to tim.o(.bss.htim1) for htim1
    tim.o(.ARM.exidx.text.MX_TIM1_Init) refers to tim.o(.text.MX_TIM1_Init) for [Anonymous Symbol]
    tim.o(.text.HAL_TIM_MspPostInit) refers to stm32g0xx_hal_gpio.o(.text.HAL_GPIO_Init) for HAL_GPIO_Init
    tim.o(.ARM.exidx.text.HAL_TIM_MspPostInit) refers to tim.o(.text.HAL_TIM_MspPostInit) for [Anonymous Symbol]
    tim.o(.ARM.exidx.text.HAL_TIM_Base_MspInit) refers to tim.o(.text.HAL_TIM_Base_MspInit) for [Anonymous Symbol]
    tim.o(.ARM.exidx.text.HAL_TIM_Base_MspDeInit) refers to tim.o(.text.HAL_TIM_Base_MspDeInit) for [Anonymous Symbol]
    stm32g0xx_it.o(.ARM.exidx.text.NMI_Handler) refers to stm32g0xx_it.o(.text.NMI_Handler) for [Anonymous Symbol]
    stm32g0xx_it.o(.ARM.exidx.text.HardFault_Handler) refers to stm32g0xx_it.o(.text.HardFault_Handler) for [Anonymous Symbol]
    stm32g0xx_it.o(.ARM.exidx.text.SVC_Handler) refers to stm32g0xx_it.o(.text.SVC_Handler) for [Anonymous Symbol]
[...]
    Removing stm32g0xx_hal_rcc_ex.o(.ARM.exidx.text.HAL_RCCEx_DisableLSCO), (8 bytes).
    Removing stm32g0xx_ll_rcc.o(.text), (0 bytes).
    Removing stm32g0xx_hal_flash.o(.text), (0 bytes).
    Removing stm32g0xx_hal_flash.o(.text.HAL_FLASH_Program), (108 bytes).
    Removing stm32g0xx_hal_flash.o(.ARM.exidx.text.HAL_FLASH_Program), (8 bytes).
    Removing stm32g0xx_hal_flash.o(.text.FLASH_WaitForLastOperation), (92 bytes).
    Removing stm32g0xx_hal_flash.o(.ARM.exidx.text.FLASH_WaitForLastOperation), (8 bytes).
    Removing stm32g0xx_hal_flash.o(.text.FLASH_Program_DoubleWord), (28 bytes).
    Removing stm32g0xx_hal_flash.o(.ARM.exidx.text.FLASH_Program_DoubleWord), (8 bytes).
    Removing stm32g0xx_hal_flash.o(.text.FLASH_Program_Fast), (56 bytes).
    Removing stm32g0xx_hal_flash.o(.ARM.exidx.text.FLASH_Program_Fast), (8 bytes).
    Removing stm32g0xx_hal_flash.o(.text.HAL_FLASH_Program_IT), (104 bytes).
    Removing stm32g0xx_hal_flash.o(.ARM.exidx.text.HAL_FLASH_Program_IT), (8 bytes).
    Removing stm32g0xx_hal_flash.o(.text.HAL_FLASH_IRQHandler), (160 bytes).
    Removing stm32g0xx_hal_flash.o(.ARM.exidx.text.HAL_FLASH_IRQHandler), (8 bytes).
    Removing stm32g0xx_hal_flash.o(.text.HAL_FLASH_OperationErrorCallback), (2 bytes).
    Removing stm32g0xx_hal_flash.o(.ARM.exidx.text.HAL_FLASH_OperationErrorCallback), (8 bytes).
    Removing stm32g0xx_hal_flash.o(.text.HAL_FLASH_EndOfOperationCallback), (2 bytes).
    Removing stm32g0xx_hal_flash.o(.ARM.exidx.text.HAL_FLASH_EndOfOperationCallback), (8 bytes).
    Removing stm32g0xx_hal_flash.o(.text.HAL_FLASH_Unlock), (40 bytes).
    Removing stm32g0xx_hal_flash.o(.ARM.exidx.text.HAL_FLASH_Unlock), (8 bytes).
    Removing stm32g0xx_hal_flash.o(.text.HAL_FLASH_Lock), (24 bytes).
    Removing stm32g0xx_hal_flash.o(.ARM.exidx.text.HAL_FLASH_Lock), (8 bytes).
    Removing stm32g0xx_hal_flash.o(.text.HAL_FLASH_OB_Unlock), (40 bytes).
    Removing stm32g0xx_hal_flash.o(.ARM.exidx.text.HAL_FLASH_OB_Unlock), (8 bytes).
    Removing stm32g0xx_hal_flash.o(.text.HAL_FLASH_OB_Lock), (24 bytes).
    Removing stm32g0xx_hal_flash.o(.ARM.exidx.text.HAL_FLASH_OB_Lock), (8 bytes).
    Removing stm32g0xx_hal_flash.o(.text.HAL_FLASH_OB_Launch), (20 bytes).
    Removing stm32g0xx_hal_flash.o(.ARM.exidx.text.HAL_FLASH_OB_Launch), (8 bytes).
    Removing stm32g0xx_hal_flash.o(.text.HAL_FLASH_GetError), (12 bytes).
    Removing stm32g0xx_hal_flash.o(.ARM.exidx.text.HAL_FLASH_GetError), (8 bytes).
    Removing stm32g0xx_hal_flash.o(.bss.pFlash), (28 bytes).
    Removing stm32g0xx_hal_flash_ex.o(.text), (0 bytes).
    Removing stm32g0xx_hal_flash_ex.o(.text.HAL_FLASHEx_Erase), (148 bytes).
    Removing stm32g0xx_hal_flash_ex.o(.ARM.exidx.text.HAL_FLASHEx_Erase), (8 bytes).
    Removing stm32g0xx_hal_flash_ex.o(.text.FLASH_MassErase), (20 bytes).
    Removing stm32g0xx_hal_flash_ex.o(.ARM.exidx.text.FLASH_MassErase), (8 bytes).
    Removing stm32g0xx_hal_flash_ex.o(.text.FLASH_PageErase), (32 bytes).
    Removing stm32g0xx_hal_flash_ex.o(.ARM.exidx.text.FLASH_PageErase), (8 bytes).
    Removing stm32g0xx_hal_flash_ex.o(.text.HAL_FLASHEx_Erase_IT), (108 bytes).
    Removing stm32g0xx_hal_flash_ex.o(.ARM.exidx.text.HAL_FLASHEx_Erase_IT), (8 bytes).
    Removing stm32g0xx_hal_flash_ex.o(.text.HAL_FLASHEx_OBProgram), (144 bytes).
    Removing stm32g0xx_hal_flash_ex.o(.ARM.exidx.text.HAL_FLASHEx_OBProgram), (8 bytes).
    Removing stm32g0xx_hal_flash_ex.o(.text.FLASH_OB_WRPConfig), (24 bytes).
    Removing stm32g0xx_hal_flash_ex.o(.ARM.exidx.text.FLASH_OB_WRPConfig), (8 bytes).
    Removing stm32g0xx_hal_flash_ex.o(.text.FLASH_OB_OptrConfig), (24 bytes).
    Removing stm32g0xx_hal_flash_ex.o(.ARM.exidx.text.FLASH_OB_OptrConfig), (8 bytes).
    Removing stm32g0xx_hal_flash_ex.o(.text.FLASH_OB_GetUser), (20 bytes).
    Removing stm32g0xx_hal_flash_ex.o(.ARM.exidx.text.FLASH_OB_GetUser), (8 bytes).
    Removing stm32g0xx_hal_flash_ex.o(.text.FLASH_OB_GetRDP), (32 bytes).
    Removing stm32g0xx_hal_flash_ex.o(.ARM.exidx.text.FLASH_OB_GetRDP), (8 bytes).
    Removing stm32g0xx_hal_flash_ex.o(.text.HAL_FLASHEx_OBGetConfig), (44 bytes).
    Removing stm32g0xx_hal_flash_ex.o(.ARM.exidx.text.HAL_FLASHEx_OBGetConfig), (8 bytes).
    Removing stm32g0xx_hal_flash_ex.o(.text.FLASH_OB_GetWRP), (32 bytes).
    Removing stm32g0xx_hal_flash_ex.o(.ARM.exidx.text.FLASH_OB_GetWRP), (8 bytes).
    Removing stm32g0xx_hal_flash_ex.o(.text.HAL_FLASHEx_FlashEmptyCheck), (16 bytes).
    Removing stm32g0xx_hal_flash_ex.o(.ARM.exidx.text.HAL_FLASHEx_FlashEmptyCheck), (8 bytes).
    Removing stm32g0xx_hal_flash_ex.o(.text.HAL_FLASHEx_ForceFlashEmpty), (20 bytes).
    Removing stm32g0xx_hal_flash_ex.o(.ARM.exidx.text.HAL_FLASHEx_ForceFlashEmpty), (8 bytes).
    Removing stm32g0xx_hal_flash_ex.o(.text.FLASH_FlushCaches), (44 bytes).
    Removing stm32g0xx_hal_flash_ex.o(.ARM.exidx.text.FLASH_FlushCaches), (8 bytes).
    Removing stm32g0xx_hal_gpio.o(.text), (0 bytes).
    Removing stm32g0xx_hal_gpio.o(.ARM.exidx.text.HAL_GPIO_Init), (8 bytes).
    Removing stm32g0xx_hal_gpio.o(.text.HAL_GPIO_DeInit), (284 bytes).
    Removing stm32g0xx_hal_gpio.o(.ARM.exidx.text.HAL_GPIO_DeInit), (8 bytes).
    Removing stm32g0xx_hal_gpio.o(.text.HAL_GPIO_ReadPin), (10 bytes).
    Removing stm32g0xx_hal_gpio.o(.ARM.exidx.text.HAL_GPIO_ReadPin), (8 bytes).
    Removing stm32g0xx_hal_gpio.o(.text.HAL_GPIO_WritePin), (16 bytes).
    Removing stm32g0xx_hal_gpio.o(.ARM.exidx.text.HAL_GPIO_WritePin), (8 bytes).
    Removing stm32g0xx_hal_gpio.o(.text.HAL_GPIO_TogglePin), (16 bytes).
    Removing stm32g0xx_hal_gpio.o(.ARM.exidx.text.HAL_GPIO_TogglePin), (8 bytes).
    Removing stm32g0xx_hal_gpio.o(.text.HAL_GPIO_LockPin), (40 bytes).
    Removing stm32g0xx_hal_gpio.o(.ARM.exidx.text.HAL_GPIO_LockPin), (8 bytes).
    Removing stm32g0xx_hal_gpio.o(.text.HAL_GPIO_EXTI_IRQHandler), (40 bytes).
    Removing stm32g0xx_hal_gpio.o(.ARM.exidx.text.HAL_GPIO_EXTI_IRQHandler), (8 bytes).
    Removing stm32g0xx_hal_gpio.o(.text.HAL_GPIO_EXTI_Rising_Callback), (2 bytes).
    Removing stm32g0xx_hal_gpio.o(.ARM.exidx.text.HAL_GPIO_EXTI_Rising_Callback), (8 bytes).
    Removing stm32g0xx_hal_gpio.o(.text.HAL_GPIO_EXTI_Falling_Callback), (2 bytes).
    Removing stm32g0xx_hal_gpio.o(.ARM.exidx.text.HAL_GPIO_EXTI_Falling_Callback), (8 bytes).
    Removing stm32g0xx_hal_dma.o(.text), (0 bytes).
    Removing stm32g0xx_hal_dma.o(.text.HAL_DMA_Init), (180 bytes).
    Removing stm32g0xx_hal_dma.o(.ARM.exidx.text.HAL_DMA_Init), (8 bytes).
    Removing stm32g0xx_hal_dma.o(.text.DMA_CalcDMAMUXChannelBaseAndMask), (48 bytes).
    Removing stm32g0xx_hal_dma.o(.ARM.exidx.text.DMA_CalcDMAMUXChannelBaseAndMask), (8 bytes).
    Removing stm32g0xx_hal_dma.o(.text.DMA_CalcDMAMUXRequestGenBaseAndMask), (40 bytes).
    Removing stm32g0xx_hal_dma.o(.ARM.exidx.text.DMA_CalcDMAMUXRequestGenBaseAndMask), (8 bytes).
    Removing stm32g0xx_hal_dma.o(.text.HAL_DMA_DeInit), (136 bytes).
    Removing stm32g0xx_hal_dma.o(.ARM.exidx.text.HAL_DMA_DeInit), (8 bytes).
    Removing stm32g0xx_hal_dma.o(.text.HAL_DMA_Start), (80 bytes).
    Removing stm32g0xx_hal_dma.o(.ARM.exidx.text.HAL_DMA_Start), (8 bytes).
    Removing stm32g0xx_hal_dma.o(.text.DMA_SetConfig), (68 bytes).
    Removing stm32g0xx_hal_dma.o(.ARM.exidx.text.DMA_SetConfig), (8 bytes).
    Removing stm32g0xx_hal_dma.o(.text.HAL_DMA_Start_IT), (136 bytes).
    Removing stm32g0xx_hal_dma.o(.ARM.exidx.text.HAL_DMA_Start_IT), (8 bytes).
    Removing stm32g0xx_hal_dma.o(.text.HAL_DMA_Abort), (116 bytes).
    Removing stm32g0xx_hal_dma.o(.ARM.exidx.text.HAL_DMA_Abort), (8 bytes).
    Removing stm32g0xx_hal_dma.o(.text.HAL_DMA_Abort_IT), (120 bytes).
    Removing stm32g0xx_hal_dma.o(.ARM.exidx.text.HAL_DMA_Abort_IT), (8 bytes).
    Removing stm32g0xx_hal_dma.o(.text.HAL_DMA_PollForTransfer), (292 bytes).
    Removing stm32g0xx_hal_dma.o(.ARM.exidx.text.HAL_DMA_PollForTransfer), (8 bytes).
    Removing stm32g0xx_hal_dma.o(.text.HAL_DMA_IRQHandler), (184 bytes).
    Removing stm32g0xx_hal_dma.o(.ARM.exidx.text.HAL_DMA_IRQHandler), (8 bytes).
    Removing stm32g0xx_hal_dma.o(.text.HAL_DMA_RegisterCallback), (82 bytes).
    Removing stm32g0xx_hal_dma.o(.ARM.exidx.text.HAL_DMA_RegisterCallback), (8 bytes).
    Removing stm32g0xx_hal_dma.o(.text.HAL_DMA_UnRegisterCallback), (102 bytes).
    Removing stm32g0xx_hal_dma.o(.ARM.exidx.text.HAL_DMA_UnRegisterCallback), (8 bytes).
    Removing stm32g0xx_hal_dma.o(.text.HAL_DMA_GetState), (6 bytes).
    Removing stm32g0xx_hal_dma.o(.ARM.exidx.text.HAL_DMA_GetState), (8 bytes).
    Removing stm32g0xx_hal_dma.o(.text.HAL_DMA_GetError), (4 bytes).
    Removing stm32g0xx_hal_dma.o(.ARM.exidx.text.HAL_DMA_GetError), (8 bytes).
    Removing stm32g0xx_hal_dma_ex.o(.text), (0 bytes).
    Removing stm32g0xx_hal_dma_ex.o(.text.HAL_DMAEx_ConfigMuxSync), (84 bytes).
    Removing stm32g0xx_hal_dma_ex.o(.ARM.exidx.text.HAL_DMAEx_ConfigMuxSync), (8 bytes).
    Removing stm32g0xx_hal_dma_ex.o(.text.HAL_DMAEx_ConfigMuxRequestGenerator), (80 bytes).
    Removing stm32g0xx_hal_dma_ex.o(.ARM.exidx.text.HAL_DMAEx_ConfigMuxRequestGenerator), (8 bytes).
    Removing stm32g0xx_hal_dma_ex.o(.text.HAL_DMAEx_EnableMuxRequestGenerator), (32 bytes).
    Removing stm32g0xx_hal_dma_ex.o(.ARM.exidx.text.HAL_DMAEx_EnableMuxRequestGenerator), (8 bytes).
    Removing stm32g0xx_hal_dma_ex.o(.text.HAL_DMAEx_DisableMuxRequestGenerator), (32 bytes).
    Removing stm32g0xx_hal_dma_ex.o(.ARM.exidx.text.HAL_DMAEx_DisableMuxRequestGenerator), (8 bytes).
    Removing stm32g0xx_hal_dma_ex.o(.text.HAL_DMAEx_MUX_IRQHandler), (96 bytes).
    Removing stm32g0xx_hal_dma_ex.o(.ARM.exidx.text.HAL_DMAEx_MUX_IRQHandler), (8 bytes).
    Removing stm32g0xx_ll_dma.o(.text), (0 bytes).
    Removing stm32g0xx_hal_pwr.o(.text), (0 bytes).
    Removing stm32g0xx_hal_pwr.o(.text.HAL_PWR_DeInit), (24 bytes).
    Removing stm32g0xx_hal_pwr.o(.ARM.exidx.text.HAL_PWR_DeInit), (8 bytes).
    Removing stm32g0xx_hal_pwr.o(.text.HAL_PWR_EnableBkUpAccess), (20 bytes).
    Removing stm32g0xx_hal_pwr.o(.ARM.exidx.text.HAL_PWR_EnableBkUpAccess), (8 bytes).
    Removing stm32g0xx_hal_pwr.o(.text.HAL_PWR_DisableBkUpAccess), (20 bytes).
    Removing stm32g0xx_hal_pwr.o(.ARM.exidx.text.HAL_PWR_DisableBkUpAccess), (8 bytes).
    Removing stm32g0xx_hal_pwr.o(.text.HAL_PWR_EnableWakeUpPin), (28 bytes).
    Removing stm32g0xx_hal_pwr.o(.ARM.exidx.text.HAL_PWR_EnableWakeUpPin), (8 bytes).
    Removing stm32g0xx_hal_pwr.o(.text.HAL_PWR_DisableWakeUpPin), (24 bytes).
    Removing stm32g0xx_hal_pwr.o(.ARM.exidx.text.HAL_PWR_DisableWakeUpPin), (8 bytes).
    Removing stm32g0xx_hal_pwr.o(.text.HAL_PWR_EnterSLEEPMode), (76 bytes).
    Removing stm32g0xx_hal_pwr.o(.ARM.exidx.text.HAL_PWR_EnterSLEEPMode), (8 bytes).
    Removing stm32g0xx_hal_pwr.o(.text.HAL_PWR_EnterSTOPMode), (60 bytes).
    Removing stm32g0xx_hal_pwr.o(.ARM.exidx.text.HAL_PWR_EnterSTOPMode), (8 bytes).
    Removing stm32g0xx_hal_pwr.o(.text.HAL_PWR_EnterSTANDBYMode), (36 bytes).
    Removing stm32g0xx_hal_pwr.o(.ARM.exidx.text.HAL_PWR_EnterSTANDBYMode), (8 bytes).
    Removing stm32g0xx_hal_pwr.o(.text.HAL_PWR_EnableSleepOnExit), (16 bytes).
    Removing stm32g0xx_hal_pwr.o(.ARM.exidx.text.HAL_PWR_EnableSleepOnExit), (8 bytes).
    Removing stm32g0xx_hal_pwr.o(.text.HAL_PWR_DisableSleepOnExit), (16 bytes).
    Removing stm32g0xx_hal_pwr.o(.ARM.exidx.text.HAL_PWR_DisableSleepOnExit), (8 bytes).
    Removing stm32g0xx_hal_pwr.o(.text.HAL_PWR_EnableSEVOnPend), (16 bytes).
    Removing stm32g0xx_hal_pwr.o(.ARM.exidx.text.HAL_PWR_EnableSEVOnPend), (8 bytes).
    Removing stm32g0xx_hal_pwr.o(.text.HAL_PWR_DisableSEVOnPend), (16 bytes).
    Removing stm32g0xx_hal_pwr.o(.ARM.exidx.text.HAL_PWR_DisableSEVOnPend), (8 bytes).
    Removing stm32g0xx_hal_pwr_ex.o(.text), (0 bytes).
    Removing stm32g0xx_hal_pwr_ex.o(.text.HAL_PWREx_EnableBatteryCharging), (28 bytes).
    Removing stm32g0xx_hal_pwr_ex.o(.ARM.exidx.text.HAL_PWREx_EnableBatteryCharging), (8 bytes).
    Removing stm32g0xx_hal_pwr_ex.o(.text.HAL_PWREx_DisableBatteryCharging), (20 bytes).
    Removing stm32g0xx_hal_pwr_ex.o(.ARM.exidx.text.HAL_PWREx_DisableBatteryCharging), (8 bytes).
    Removing stm32g0xx_hal_pwr_ex.o(.text.HAL_PWREx_EnableInternalWakeUpLine), (20 bytes).
    Removing stm32g0xx_hal_pwr_ex.o(.ARM.exidx.text.HAL_PWREx_EnableInternalWakeUpLine), (8 bytes).
    Removing stm32g0xx_hal_pwr_ex.o(.text.HAL_PWREx_DisableInternalWakeUpLine), (20 bytes).
    Removing stm32g0xx_hal_pwr_ex.o(.ARM.exidx.text.HAL_PWREx_DisableInternalWakeUpLine), (8 bytes).
    Removing stm32g0xx_hal_pwr_ex.o(.text.HAL_PWREx_EnableGPIOPullUp), (112 bytes).
    Removing stm32g0xx_hal_pwr_ex.o(.ARM.exidx.text.HAL_PWREx_EnableGPIOPullUp), (8 bytes).
    Removing stm32g0xx_hal_pwr_ex.o(.text.HAL_PWREx_DisableGPIOPullUp), (96 bytes).
    Removing stm32g0xx_hal_pwr_ex.o(.ARM.exidx.text.HAL_PWREx_DisableGPIOPullUp), (8 bytes).
    Removing stm32g0xx_hal_pwr_ex.o(.text.HAL_PWREx_EnableGPIOPullDown), (132 bytes).
    Removing stm32g0xx_hal_pwr_ex.o(.ARM.exidx.text.HAL_PWREx_EnableGPIOPullDown), (8 bytes).
    Removing stm32g0xx_hal_pwr_ex.o(.text.HAL_PWREx_DisableGPIOPullDown), (64 bytes).
    Removing stm32g0xx_hal_pwr_ex.o(.ARM.exidx.text.HAL_PWREx_DisableGPIOPullDown), (8 bytes).
    Removing stm32g0xx_hal_pwr_ex.o(.text.HAL_PWREx_EnablePullUpPullDownConfig), (20 bytes).
    Removing stm32g0xx_hal_pwr_ex.o(.ARM.exidx.text.HAL_PWREx_EnablePullUpPullDownConfig), (8 bytes).
    Removing stm32g0xx_hal_pwr_ex.o(.text.HAL_PWREx_DisablePullUpPullDownConfig), (20 bytes).
    Removing stm32g0xx_hal_pwr_ex.o(.ARM.exidx.text.HAL_PWREx_DisablePullUpPullDownConfig), (8 bytes).
    Removing stm32g0xx_hal_pwr_ex.o(.text.HAL_PWREx_EnableFlashPowerDown), (16 bytes).
    Removing stm32g0xx_hal_pwr_ex.o(.ARM.exidx.text.HAL_PWREx_EnableFlashPowerDown), (8 bytes).
    Removing stm32g0xx_hal_pwr_ex.o(.text.HAL_PWREx_DisableFlashPowerDown), (16 bytes).
    Removing stm32g0xx_hal_pwr_ex.o(.ARM.exidx.text.HAL_PWREx_DisableFlashPowerDown), (8 bytes).
    Removing stm32g0xx_hal_pwr_ex.o(.text.HAL_PWREx_GetVoltageRange), (16 bytes).
    Removing stm32g0xx_hal_pwr_ex.o(.ARM.exidx.text.HAL_PWREx_GetVoltageRange), (8 bytes).
    Removing stm32g0xx_hal_pwr_ex.o(.ARM.exidx.text.HAL_PWREx_ControlVoltageScaling), (8 bytes).
    Removing stm32g0xx_hal_pwr_ex.o(.text.HAL_PWREx_EnableLowPowerRunMode), (20 bytes).
    Removing stm32g0xx_hal_pwr_ex.o(.ARM.exidx.text.HAL_PWREx_EnableLowPowerRunMode), (8 bytes).
    Removing stm32g0xx_hal_pwr_ex.o(.text.HAL_PWREx_DisableLowPowerRunMode), (72 bytes).
    Removing stm32g0xx_hal_pwr_ex.o(.ARM.exidx.text.HAL_PWREx_DisableLowPowerRunMode), (8 bytes).
    Removing stm32g0xx_hal_cortex.o(.text), (0 bytes).
    Removing stm32g0xx_hal_cortex.o(.ARM.exidx.text.HAL_NVIC_SetPriority), (8 bytes).
    Removing stm32g0xx_hal_cortex.o(.ARM.exidx.text.__NVIC_SetPriority), (8 bytes).
    Removing stm32g0xx_hal_cortex.o(.text.HAL_NVIC_EnableIRQ), (8 bytes).
    Removing stm32g0xx_hal_cortex.o(.ARM.exidx.text.HAL_NVIC_EnableIRQ), (8 bytes).
    Removing stm32g0xx_hal_cortex.o(.text.__NVIC_EnableIRQ), (24 bytes).
    Removing stm32g0xx_hal_cortex.o(.ARM.exidx.text.__NVIC_EnableIRQ), (8 bytes).
    Removing stm32g0xx_hal_cortex.o(.text.HAL_NVIC_DisableIRQ), (8 bytes).
    Removing stm32g0xx_hal_cortex.o(.ARM.exidx.text.HAL_NVIC_DisableIRQ), (8 bytes).
    Removing stm32g0xx_hal_cortex.o(.text.__NVIC_DisableIRQ), (32 bytes).
    Removing stm32g0xx_hal_cortex.o(.ARM.exidx.text.__NVIC_DisableIRQ), (8 bytes).
    Removing stm32g0xx_hal_cortex.o(.text.HAL_NVIC_SystemReset), (4 bytes).
    Removing stm32g0xx_hal_cortex.o(.ARM.exidx.text.HAL_NVIC_SystemReset), (8 bytes).
    Removing stm32g0xx_hal_cortex.o(.text.__NVIC_SystemReset), (28 bytes).
    Removing stm32g0xx_hal_cortex.o(.ARM.exidx.text.__NVIC_SystemReset), (8 bytes).
    Removing stm32g0xx_hal_cortex.o(.ARM.exidx.text.HAL_SYSTICK_Config), (8 bytes).
    Removing stm32g0xx_hal_cortex.o(.ARM.exidx.text.SysTick_Config), (8 bytes).
    Removing stm32g0xx_hal_cortex.o(.text.HAL_NVIC_GetPriority), (8 bytes).
    Removing stm32g0xx_hal_cortex.o(.ARM.exidx.text.HAL_NVIC_GetPriority), (8 bytes).
    Removing stm32g0xx_hal_cortex.o(.text.__NVIC_GetPriority), (52 bytes).
    Removing stm32g0xx_hal_cortex.o(.ARM.exidx.text.__NVIC_GetPriority), (8 bytes).
    Removing stm32g0xx_hal_cortex.o(.text.HAL_NVIC_SetPendingIRQ), (8 bytes).
    Removing stm32g0xx_hal_cortex.o(.ARM.exidx.text.HAL_NVIC_SetPendingIRQ), (8 bytes).
    Removing stm32g0xx_hal_cortex.o(.text.__NVIC_SetPendingIRQ), (24 bytes).
    Removing stm32g0xx_hal_cortex.o(.ARM.exidx.text.__NVIC_SetPendingIRQ), (8 bytes).
    Removing stm32g0xx_hal_cortex.o(.text.HAL_NVIC_GetPendingIRQ), (8 bytes).
    Removing stm32g0xx_hal_cortex.o(.ARM.exidx.text.HAL_NVIC_GetPendingIRQ), (8 bytes).
    Removing stm32g0xx_hal_cortex.o(.text.__NVIC_GetPendingIRQ), (28 bytes).
    Removing stm32g0xx_hal_cortex.o(.ARM.exidx.text.__NVIC_GetPendingIRQ), (8 bytes).
    Removing stm32g0xx_hal_cortex.o(.text.HAL_NVIC_ClearPendingIRQ), (8 bytes).
    Removing stm32g0xx_hal_cortex.o(.ARM.exidx.text.HAL_NVIC_ClearPendingIRQ), (8 bytes).
    Removing stm32g0xx_hal_cortex.o(.text.__NVIC_ClearPendingIRQ), (24 bytes).
    Removing stm32g0xx_hal_cortex.o(.ARM.exidx.text.__NVIC_ClearPendingIRQ), (8 bytes).
    Removing stm32g0xx_hal_cortex.o(.text.HAL_SYSTICK_CLKSourceConfig), (28 bytes).
    Removing stm32g0xx_hal_cortex.o(.ARM.exidx.text.HAL_SYSTICK_CLKSourceConfig), (8 bytes).
    Removing stm32g0xx_hal_cortex.o(.text.HAL_SYSTICK_IRQHandler), (8 bytes).
    Removing stm32g0xx_hal_cortex.o(.ARM.exidx.text.HAL_SYSTICK_IRQHandler), (8 bytes).
    Removing stm32g0xx_hal_cortex.o(.text.HAL_SYSTICK_Callback), (2 bytes).
    Removing stm32g0xx_hal_cortex.o(.ARM.exidx.text.HAL_SYSTICK_Callback), (8 bytes).
    Removing stm32g0xx_hal_cortex.o(.text.HAL_MPU_Enable), (24 bytes).
    Removing stm32g0xx_hal_cortex.o(.ARM.exidx.text.HAL_MPU_Enable), (8 bytes).
    Removing stm32g0xx_hal_cortex.o(.text.HAL_MPU_Disable), (16 bytes).
    Removing stm32g0xx_hal_cortex.o(.ARM.exidx.text.HAL_MPU_Disable), (8 bytes).
    Removing stm32g0xx_hal_cortex.o(.text.HAL_MPU_ConfigRegion), (84 bytes).
    Removing stm32g0xx_hal_cortex.o(.ARM.exidx.text.HAL_MPU_ConfigRegion), (8 bytes).
    Removing stm32g0xx_hal.o(.text), (0 bytes).
    Removing stm32g0xx_hal.o(.ARM.exidx.text.HAL_Init), (8 bytes).
    Removing stm32g0xx_hal.o(.ARM.exidx.text.HAL_InitTick), (8 bytes).
    Removing stm32g0xx_hal.o(.text.HAL_MspInit), (2 bytes).
    Removing stm32g0xx_hal.o(.ARM.exidx.text.HAL_MspInit), (8 bytes).
    Removing stm32g0xx_hal.o(.text.HAL_DeInit), (36 bytes).
    Removing stm32g0xx_hal.o(.ARM.exidx.text.HAL_DeInit), (8 bytes).
    Removing stm32g0xx_hal.o(.text.HAL_MspDeInit), (2 bytes).
    Removing stm32g0xx_hal.o(.ARM.exidx.text.HAL_MspDeInit), (8 bytes).
    Removing stm32g0xx_hal.o(.ARM.exidx.text.HAL_IncTick), (8 bytes).
    Removing stm32g0xx_hal.o(.ARM.exidx.text.HAL_GetTick), (8 bytes).
    Removing stm32g0xx_hal.o(.text.HAL_GetTickPrio), (12 bytes).
    Removing stm32g0xx_hal.o(.ARM.exidx.text.HAL_GetTickPrio), (8 bytes).
    Removing stm32g0xx_hal.o(.text.HAL_SetTickFreq), (40 bytes).
    Removing stm32g0xx_hal.o(.ARM.exidx.text.HAL_SetTickFreq), (8 bytes).
    Removing stm32g0xx_hal.o(.text.HAL_GetTickFreq), (12 bytes).
    Removing stm32g0xx_hal.o(.ARM.exidx.text.HAL_GetTickFreq), (8 bytes).
    Removing stm32g0xx_hal.o(.ARM.exidx.text.HAL_Delay), (8 bytes).
    Removing stm32g0xx_hal.o(.text.HAL_SuspendTick), (16 bytes).
    Removing stm32g0xx_hal.o(.ARM.exidx.text.HAL_SuspendTick), (8 bytes).
    Removing stm32g0xx_hal.o(.text.HAL_ResumeTick), (16 bytes).
    Removing stm32g0xx_hal.o(.ARM.exidx.text.HAL_ResumeTick), (8 bytes).
    Removing stm32g0xx_hal.o(.text.HAL_GetHalVersion), (8 bytes).
    Removing stm32g0xx_hal.o(.ARM.exidx.text.HAL_GetHalVersion), (8 bytes).
    Removing stm32g0xx_hal.o(.text.HAL_GetREVID), (12 bytes).
    Removing stm32g0xx_hal.o(.ARM.exidx.text.HAL_GetREVID), (8 bytes).
    Removing stm32g0xx_hal.o(.text.HAL_GetDEVID), (20 bytes).
    Removing stm32g0xx_hal.o(.ARM.exidx.text.HAL_GetDEVID), (8 bytes).
    Removing stm32g0xx_hal.o(.text.HAL_GetUIDw0), (12 bytes).
    Removing stm32g0xx_hal.o(.ARM.exidx.text.HAL_GetUIDw0), (8 bytes).
    Removing stm32g0xx_hal.o(.text.HAL_GetUIDw1), (12 bytes).
    Removing stm32g0xx_hal.o(.ARM.exidx.text.HAL_GetUIDw1), (8 bytes).
    Removing stm32g0xx_hal.o(.text.HAL_GetUIDw2), (12 bytes).
    Removing stm32g0xx_hal.o(.ARM.exidx.text.HAL_GetUIDw2), (8 bytes).
    Removing stm32g0xx_hal.o(.text.HAL_DBGMCU_EnableDBGStopMode), (16 bytes).
    Removing stm32g0xx_hal.o(.ARM.exidx.text.HAL_DBGMCU_EnableDBGStopMode), (8 bytes).
    Removing stm32g0xx_hal.o(.text.HAL_DBGMCU_DisableDBGStopMode), (16 bytes).
    Removing stm32g0xx_hal.o(.ARM.exidx.text.HAL_DBGMCU_DisableDBGStopMode), (8 bytes).
    Removing stm32g0xx_hal.o(.text.HAL_DBGMCU_EnableDBGStandbyMode), (16 bytes).
    Removing stm32g0xx_hal.o(.ARM.exidx.text.HAL_DBGMCU_EnableDBGStandbyMode), (8 bytes).
    Removing stm32g0xx_hal.o(.text.HAL_DBGMCU_DisableDBGStandbyMode), (16 bytes).
    Removing stm32g0xx_hal.o(.ARM.exidx.text.HAL_DBGMCU_DisableDBGStandbyMode), (8 bytes).
    Removing stm32g0xx_hal.o(.text.HAL_SYSCFG_EnableIOAnalogSwitchBooster), (20 bytes).
    Removing stm32g0xx_hal.o(.ARM.exidx.text.HAL_SYSCFG_EnableIOAnalogSwitchBooster), (8 bytes).
    Removing stm32g0xx_hal.o(.text.HAL_SYSCFG_DisableIOAnalogSwitchBooster), (20 bytes).
    Removing stm32g0xx_hal.o(.ARM.exidx.text.HAL_SYSCFG_DisableIOAnalogSwitchBooster), (8 bytes).
    Removing stm32g0xx_hal.o(.text.HAL_SYSCFG_EnableRemap), (16 bytes).
    Removing stm32g0xx_hal.o(.ARM.exidx.text.HAL_SYSCFG_EnableRemap), (8 bytes).
    Removing stm32g0xx_hal.o(.text.HAL_SYSCFG_DisableRemap), (16 bytes).
    Removing stm32g0xx_hal.o(.ARM.exidx.text.HAL_SYSCFG_DisableRemap), (8 bytes).
    Removing stm32g0xx_hal.o(.text.HAL_SYSCFG_EnableClampingDiode), (16 bytes).
    Removing stm32g0xx_hal.o(.ARM.exidx.text.HAL_SYSCFG_EnableClampingDiode), (8 bytes).
    Removing stm32g0xx_hal.o(.text.HAL_SYSCFG_DisableClampingDiode), (16 bytes).
    Removing stm32g0xx_hal.o(.ARM.exidx.text.HAL_SYSCFG_DisableClampingDiode), (8 bytes).
    Removing stm32g0xx_hal_exti.o(.text), (0 bytes).
    Removing stm32g0xx_hal_exti.o(.text.HAL_EXTI_SetConfigLine), (164 bytes).
    Removing stm32g0xx_hal_exti.o(.ARM.exidx.text.HAL_EXTI_SetConfigLine), (8 bytes).
    Removing stm32g0xx_hal_exti.o(.text.HAL_EXTI_GetConfigLine), (152 bytes).
    Removing stm32g0xx_hal_exti.o(.ARM.exidx.text.HAL_EXTI_GetConfigLine), (8 bytes).
    Removing stm32g0xx_hal_exti.o(.text.HAL_EXTI_ClearConfigLine), (116 bytes).
    Removing stm32g0xx_hal_exti.o(.ARM.exidx.text.HAL_EXTI_ClearConfigLine), (8 bytes).
    Removing stm32g0xx_hal_exti.o(.text.HAL_EXTI_RegisterCallback), (30 bytes).
    Removing stm32g0xx_hal_exti.o(.ARM.exidx.text.HAL_EXTI_RegisterCallback), (8 bytes).
    Removing stm32g0xx_hal_exti.o(.text.HAL_EXTI_GetHandle), (14 bytes).
    Removing stm32g0xx_hal_exti.o(.ARM.exidx.text.HAL_EXTI_GetHandle), (8 bytes).
    Removing stm32g0xx_hal_exti.o(.text.HAL_EXTI_IRQHandler), (68 bytes).
    Removing stm32g0xx_hal_exti.o(.ARM.exidx.text.HAL_EXTI_IRQHandler), (8 bytes).
    Removing stm32g0xx_hal_exti.o(.text.HAL_EXTI_GetPending), (40 bytes).
    Removing stm32g0xx_hal_exti.o(.ARM.exidx.text.HAL_EXTI_GetPending), (8 bytes).
    Removing stm32g0xx_hal_exti.o(.text.HAL_EXTI_ClearPending), (36 bytes).
    Removing stm32g0xx_hal_exti.o(.ARM.exidx.text.HAL_EXTI_ClearPending), (8 bytes).
    Removing stm32g0xx_hal_exti.o(.text.HAL_EXTI_GenerateSWI), (28 bytes).
    Removing stm32g0xx_hal_exti.o(.ARM.exidx.text.HAL_EXTI_GenerateSWI), (8 bytes).
    Removing system_stm32g0xx.o(.text), (0 bytes).
    Removing system_stm32g0xx.o(.ARM.exidx.text.SystemInit), (8 bytes).
    Removing system_stm32g0xx.o(.text.SystemCoreClockUpdate), (144 bytes).
    Removing system_stm32g0xx.o(.ARM.exidx.text.SystemCoreClockUpdate), (8 bytes).
    Removing system_stm32g0xx.o(.rodata.APBPrescTable), (32 bytes).
    Removing buzzer.o(.text), (0 bytes).
    Removing buzzer.o(.ARM.exidx.text.buzzer_on), (8 bytes).
    Removing buzzer.o(.ARM.exidx.text.buzzer_off), (8 bytes).
    Removing test.o(.text), (0 bytes).
    Removing test.o(.ARM.exidx.text.Setup), (8 bytes).
    Removing test.o(.ARM.exidx.text.Loop), (8 bytes).

690 unused section(s) (total 27824 bytes) removed from the image.

==============================================================================

Image Symbol Table

    Local Symbols

    Symbol Name                              Value     Ov Type        Size  Object(Section)

    ../clib/angel/boardlib.s                 0x00000000   Number         0  boardinit1.o ABSOLUTE
    ../clib/angel/boardlib.s                 0x00000000   Number         0  boardinit2.o ABSOLUTE
    ../clib/angel/boardlib.s                 0x00000000   Number         0  boardinit3.o ABSOLUTE
    ../clib/angel/boardlib.s                 0x00000000   Number         0  boardshut.o ABSOLUTE
    ../clib/angel/handlers.s                 0x00000000   Number         0  __scatter_copy.o ABSOLUTE
    ../clib/angel/handlers.s                 0x00000000   Number         0  __scatter_zi.o ABSOLUTE
    ../clib/angel/kernel.s                   0x00000000   Number         0  __rtentry.o ABSOLUTE
    ../clib/angel/kernel.s                   0x00000000   Number         0  __rtentry2.o ABSOLUTE
    ../clib/angel/kernel.s                   0x00000000   Number         0  __rtentry4.o ABSOLUTE
    ../clib/angel/kernel.s                   0x00000000   Number         0  rtexit.o ABSOLUTE
    ../clib/angel/kernel.s                   0x00000000   Number         0  rtexit2.o ABSOLUTE
    ../clib/angel/rt.s                       0x00000000   Number         0  aeabi_idiv0.o ABSOLUTE
    ../clib/angel/rt.s                       0x00000000   Number         0  aeabi_idiv0_sigfpe.o ABSOLUTE
    ../clib/angel/rt.s                       0x00000000   Number         0  rt_div0.o ABSOLUTE
    ../clib/angel/rt.s                       0x00000000   Number         0  rt_raise.o ABSOLUTE
    ../clib/angel/scatterp.s                 0x00000000   Number         0  __scatter.o ABSOLUTE
    ../clib/angel/startup.s                  0x00000000   Number         0  __main.o ABSOLUTE
    ../clib/angel/sys.s                      0x00000000   Number         0  sys_stackheap_outer.o ABSOLUTE
    ../clib/angel/sys.s                      0x00000000   Number         0  libspace.o ABSOLUTE
    ../clib/angel/sys.s                      0x00000000   Number         0  tempstk.o ABSOLUTE
    ../clib/angel/sys.s                      0x00000000   Number         0  use_no_semi.o ABSOLUTE
    ../clib/angel/sys.s                      0x00000000   Number         0  indicate_semi.o ABSOLUTE
    ../clib/angel/sysapp.c                   0x00000000   Number         0  sys_exit.o ABSOLUTE
    ../clib/angel/sysapp.c                   0x00000000   Number         0  sys_exit_hlt.o ABSOLUTE
    ../clib/angel/sysapp.c                   0x00000000   Number         0  sys_wrch.o ABSOLUTE
    ../clib/angel/sysapp.c                   0x00000000   Number         0  sys_wrch_hlt.o ABSOLUTE
    ../clib/angel/sysapp.c                   0x00000000   Number         0  sys_command.o ABSOLUTE
    ../clib/angel/sysapp.c                   0x00000000   Number         0  sys_command_hlt.o ABSOLUTE
    ../clib/armsys.c                         0x00000000   Number         0  argv_veneer.o ABSOLUTE
    ../clib/armsys.c                         0x00000000   Number         0  _get_argv_nomalloc.o ABSOLUTE
    ../clib/armsys.c                         0x00000000   Number         0  no_argv.o ABSOLUTE
    ../clib/division.s                       0x00000000   Number         0  aeabi_sdivfast.o ABSOLUTE
    ../clib/division.s                       0x00000000   Number         0  aeabi_sdivfast_div0.o ABSOLUTE
    ../clib/heapalloc.c                      0x00000000   Number         0  hrguard.o ABSOLUTE
    ../clib/heapaux.c                        0x00000000   Number         0  heapauxi.o ABSOLUTE
    ../clib/libinit.s                        0x00000000   Number         0  libinit.o ABSOLUTE
    ../clib/libinit.s                        0x00000000   Number         0  libinit2.o ABSOLUTE
    ../clib/libinit.s                        0x00000000   Number         0  libshutdown.o ABSOLUTE
    ../clib/libinit.s                        0x00000000   Number         0  libshutdown2.o ABSOLUTE
    ../clib/memcpset.c                       0x00000000   Number         0  rt_memclr.o ABSOLUTE
    ../clib/signal.c                         0x00000000   Number         0  defsig_fpe_outer.o ABSOLUTE
    ../clib/signal.c                         0x00000000   Number         0  defsig_fpe_formal.o ABSOLUTE
    ../clib/signal.c                         0x00000000   Number         0  defsig_exit.o ABSOLUTE
    ../clib/signal.c                         0x00000000   Number         0  defsig_fpe_inner.o ABSOLUTE
    ../clib/signal.c                         0x00000000   Number         0  __raise.o ABSOLUTE
    ../clib/signal.c                         0x00000000   Number         0  defsig_general.o ABSOLUTE
    ../clib/signal.c                         0x00000000   Number         0  defsig_abrt_inner.o ABSOLUTE
    ../clib/signal.c                         0x00000000   Number         0  defsig_rtred_inner.o ABSOLUTE
    ../clib/signal.c                         0x00000000   Number         0  defsig_rtmem_inner.o ABSOLUTE
    ../clib/signal.c                         0x00000000   Number         0  defsig_rtmem_outer.o ABSOLUTE
    ../clib/signal.c                         0x00000000   Number         0  defsig_rtmem_formal.o ABSOLUTE
    ../clib/signal.c                         0x00000000   Number         0  defsig_stak_inner.o ABSOLUTE
    ../clib/signal.c                         0x00000000   Number         0  defsig_pvfn_inner.o ABSOLUTE
    ../clib/signal.c                         0x00000000   Number         0  defsig_cppl_inner.o ABSOLUTE
    ../clib/signal.c                         0x00000000   Number         0  defsig_segv_inner.o ABSOLUTE
    ../clib/signal.c                         0x00000000   Number         0  defsig_other.o ABSOLUTE
    ../clib/signal.s                         0x00000000   Number         0  defsig.o ABSOLUTE
    ../clib/stdlib.c                         0x00000000   Number         0  exit.o ABSOLUTE
    ../fplib/cfplib/fpinit.c                 0x00000000   Number         0  fpinit.o ABSOLUTE
    buzzer.c                                 0x00000000   Number         0  buzzer.o ABSOLUTE
    dc.s                                     0x00000000   Number         0  dc.o ABSOLUTE
    gpio.c                                   0x00000000   Number         0  gpio.o ABSOLUTE
    main.c                                   0x00000000   Number         0  main.o ABSOLUTE
    startup_stm32g030xx.s                    0x00000000   Number         0  startup_stm32g030xx.o ABSOLUTE
    stm32g0xx_hal.c                          0x00000000   Number         0  stm32g0xx_hal.o ABSOLUTE
    stm32g0xx_hal_cortex.c                   0x00000000   Number         0  stm32g0xx_hal_cortex.o ABSOLUTE
    stm32g0xx_hal_dma.c                      0x00000000   Number         0  stm32g0xx_hal_dma.o ABSOLUTE
    stm32g0xx_hal_dma_ex.c                   0x00000000   Number         0  stm32g0xx_hal_dma_ex.o ABSOLUTE
    stm32g0xx_hal_exti.c                     0x00000000   Number         0  stm32g0xx_hal_exti.o ABSOLUTE
    stm32g0xx_hal_flash.c                    0x00000000   Number         0  stm32g0xx_hal_flash.o ABSOLUTE
    stm32g0xx_hal_flash_ex.c                 0x00000000   Number         0  stm32g0xx_hal_flash_ex.o ABSOLUTE
    stm32g0xx_hal_gpio.c                     0x00000000   Number         0  stm32g0xx_hal_gpio.o ABSOLUTE
    stm32g0xx_hal_msp.c                      0x00000000   Number         0  stm32g0xx_hal_msp.o ABSOLUTE
    stm32g0xx_hal_pwr.c                      0x00000000   Number         0  stm32g0xx_hal_pwr.o ABSOLUTE
    stm32g0xx_hal_pwr_ex.c                   0x00000000   Number         0  stm32g0xx_hal_pwr_ex.o ABSOLUTE
    stm32g0xx_hal_rcc.c                      0x00000000   Number         0  stm32g0xx_hal_rcc.o ABSOLUTE
    stm32g0xx_hal_rcc_ex.c                   0x00000000   Number         0  stm32g0xx_hal_rcc_ex.o ABSOLUTE
    stm32g0xx_hal_tim.c                      0x00000000   Number         0  stm32g0xx_hal_tim.o ABSOLUTE
    stm32g0xx_hal_tim_ex.c                   0x00000000   Number         0  stm32g0xx_hal_tim_ex.o ABSOLUTE
    stm32g0xx_it.c                           0x00000000   Number         0  stm32g0xx_it.o ABSOLUTE
    stm32g0xx_ll_dma.c                       0x00000000   Number         0  stm32g0xx_ll_dma.o ABSOLUTE
    stm32g0xx_ll_rcc.c                       0x00000000   Number         0  stm32g0xx_ll_rcc.o ABSOLUTE
    system_stm32g0xx.c                       0x00000000   Number         0  system_stm32g0xx.o ABSOLUTE
    test.c                                   0x00000000   Number         0  test.o ABSOLUTE
    tim.c                                    0x00000000   Number         0  tim.o ABSOLUTE
    RESET                                    0x08000000   Section      192  startup_stm32g030xx.o(RESET)
    !!!main                                  0x080000c0   Section        8  __main.o(!!!main)
    !!!scatter                               0x080000c8   Section       60  __scatter.o(!!!scatter)
    !!handler_copy                           0x08000104   Section       26  __scatter_copy.o(!!handler_copy)
    !!handler_zi                             0x08000120   Section       28  __scatter_zi.o(!!handler_zi)
    .ARM.Collect$$libinit$$00000000          0x0800013c   Section        2  libinit.o(.ARM.Collect$$libinit$$00000000)
    .ARM.Collect$$libinit$$00000002          0x0800013e   Section        0  libinit2.o(.ARM.Collect$$libinit$$00000002)
    .ARM.Collect$$libinit$$00000004          0x0800013e   Section        0  libinit2.o(.ARM.Collect$$libinit$$00000004)
    .ARM.Collect$$libinit$$0000000A          0x0800013e   Section        0  libinit2.o(.ARM.Collect$$libinit$$0000000A)
    .ARM.Collect$$libinit$$0000000C          0x0800013e   Section        0  libinit2.o(.ARM.Collect$$libinit$$0000000C)
    .ARM.Collect$$libinit$$0000000E          0x0800013e   Section        0  libinit2.o(.ARM.Collect$$libinit$$0000000E)
    .ARM.Collect$$libinit$$00000011          0x0800013e   Section        0  libinit2.o(.ARM.Collect$$libinit$$00000011)
    .ARM.Collect$$libinit$$00000013          0x0800013e   Section        0  libinit2.o(.ARM.Collect$$libinit$$00000013)
    .ARM.Collect$$libinit$$00000015          0x0800013e   Section        0  libinit2.o(.ARM.Collect$$libinit$$00000015)
    .ARM.Collect$$libinit$$00000017          0x0800013e   Section        0  libinit2.o(.ARM.Collect$$libinit$$00000017)
    .ARM.Collect$$libinit$$00000019          0x0800013e   Section        0  libinit2.o(.ARM.Collect$$libinit$$00000019)
    .ARM.Collect$$libinit$$0000001B          0x0800013e   Section        0  libinit2.o(.ARM.Collect$$libinit$$0000001B)
    .ARM.Collect$$libinit$$0000001D          0x0800013e   Section        0  libinit2.o(.ARM.Collect$$libinit$$0000001D)
    .ARM.Collect$$libinit$$0000001F          0x0800013e   Section        0  libinit2.o(.ARM.Collect$$libinit$$0000001F)
    .ARM.Collect$$libinit$$00000021          0x0800013e   Section        0  libinit2.o(.ARM.Collect$$libinit$$00000021)
    .ARM.Collect$$libinit$$00000023          0x0800013e   Section        0  libinit2.o(.ARM.Collect$$libinit$$00000023)
    .ARM.Collect$$libinit$$00000025          0x0800013e   Section        0  libinit2.o(.ARM.Collect$$libinit$$00000025)
    .ARM.Collect$$libinit$$0000002C          0x0800013e   Section        0  libinit2.o(.ARM.Collect$$libinit$$0000002C)
    .ARM.Collect$$libinit$$0000002E          0x0800013e   Section        0  libinit2.o(.ARM.Collect$$libinit$$0000002E)
    .ARM.Collect$$libinit$$00000030          0x0800013e   Section        0  libinit2.o(.ARM.Collect$$libinit$$00000030)
    .ARM.Collect$$libinit$$00000032          0x0800013e   Section        0  libinit2.o(.ARM.Collect$$libinit$$00000032)
    .ARM.Collect$$libinit$$00000033          0x0800013e   Section        2  libinit2.o(.ARM.Collect$$libinit$$00000033)
    .ARM.Collect$$libshutdown$$00000000      0x08000140   Section        2  libshutdown.o(.ARM.Collect$$libshutdown$$00000000)
    .ARM.Collect$$libshutdown$$00000002      0x08000142   Section        0  libshutdown2.o(.ARM.Collect$$libshutdown$$00000002)
    .ARM.Collect$$libshutdown$$00000004      0x08000142   Section        0  libshutdown2.o(.ARM.Collect$$libshutdown$$00000004)
    .ARM.Collect$$libshutdown$$00000007      0x08000142   Section        0  libshutdown2.o(.ARM.Collect$$libshutdown$$00000007)
    .ARM.Collect$$libshutdown$$0000000A      0x08000142   Section        0  libshutdown2.o(.ARM.Collect$$libshutdown$$0000000A)
    .ARM.Collect$$libshutdown$$0000000C      0x08000142   Section        0  libshutdown2.o(.ARM.Collect$$libshutdown$$0000000C)
    .ARM.Collect$$libshutdown$$0000000F      0x08000142   Section        0  libshutdown2.o(.ARM.Collect$$libshutdown$$0000000F)
    .ARM.Collect$$libshutdown$$00000010      0x08000142   Section        2  libshutdown2.o(.ARM.Collect$$libshutdown$$00000010)
    .ARM.Collect$$rtentry$$00000000          0x08000144   Section        0  __rtentry.o(.ARM.Collect$$rtentry$$00000000)
    .ARM.Collect$$rtentry$$00000002          0x08000144   Section        0  __rtentry2.o(.ARM.Collect$$rtentry$$00000002)
    .ARM.Collect$$rtentry$$00000004          0x08000144   Section        6  __rtentry4.o(.ARM.Collect$$rtentry$$00000004)
    .ARM.Collect$$rtentry$$00000009          0x0800014a   Section        0  __rtentry2.o(.ARM.Collect$$rtentry$$00000009)
    .ARM.Collect$$rtentry$$0000000A          0x0800014a   Section        4  __rtentry2.o(.ARM.Collect$$rtentry$$0000000A)
    .ARM.Collect$$rtentry$$0000000C          0x0800014e   Section        0  __rtentry2.o(.ARM.Collect$$rtentry$$0000000C)
    .ARM.Collect$$rtentry$$0000000D          0x0800014e   Section        8  __rtentry2.o(.ARM.Collect$$rtentry$$0000000D)
    .ARM.Collect$$rtexit$$00000000           0x08000156   Section        2  rtexit.o(.ARM.Collect$$rtexit$$00000000)
    .ARM.Collect$$rtexit$$00000002           0x08000158   Section        0  rtexit2.o(.ARM.Collect$$rtexit$$00000002)
    .ARM.Collect$$rtexit$$00000003           0x08000158   Section        4  rtexit2.o(.ARM.Collect$$rtexit$$00000003)
    .ARM.Collect$$rtexit$$00000004           0x0800015c   Section        6  rtexit2.o(.ARM.Collect$$rtexit$$00000004)
    .text                                    0x08000164   Section       56  startup_stm32g030xx.o(.text)
    .text                                    0x0800019c   Section        0  rt_memclr.o(.text)
    .text                                    0x080001dc   Section        0  heapauxi.o(.text)
    .text                                    0x080001e2   Section       62  sys_stackheap_outer.o(.text)
    .text                                    0x08000220   Section        0  exit.o(.text)
    .text                                    0x08000230   Section        8  libspace.o(.text)
    .text                                    0x08000238   Section        0  sys_exit.o(.text)
    .text                                    0x08000244   Section        2  use_no_semi.o(.text)
    [Anonymous Symbol]                       0x08000246   Section        0  main.o(.text.Error_Handler)
    .text                                    0x08000246   Section        0  indicate_semi.o(.text)
    [Anonymous Symbol]                       0x08000250   Section        0  stm32g0xx_hal.o(.text.HAL_Delay)
    [Anonymous Symbol]                       0x08000270   Section        0  stm32g0xx_hal_gpio.o(.text.HAL_GPIO_Init)
    __arm_cp.0_0                             0x080003f4   Number         4  stm32g0xx_hal_gpio.o(.text.HAL_GPIO_Init)
    __arm_cp.0_1                             0x080003f8   Number         4  stm32g0xx_hal_gpio.o(.text.HAL_GPIO_Init)
    __arm_cp.0_2                             0x080003fc   Number         4  stm32g0xx_hal_gpio.o(.text.HAL_GPIO_Init)
    __arm_cp.0_3                             0x08000400   Number         4  stm32g0xx_hal_gpio.o(.text.HAL_GPIO_Init)
    __arm_cp.0_4                             0x08000404   Number         4  stm32g0xx_hal_gpio.o(.text.HAL_GPIO_Init)
    [Anonymous Symbol]                       0x08000408   Section        0  stm32g0xx_hal.o(.text.HAL_GetTick)
    [Anonymous Symbol]                       0x08000410   Section        0  stm32g0xx_hal.o(.text.HAL_IncTick)
    __arm_cp.5_1                             0x08000420   Number         4  stm32g0xx_hal.o(.text.HAL_IncTick)
    [Anonymous Symbol]                       0x08000424   Section        0  stm32g0xx_hal.o(.text.HAL_Init)
    [Anonymous Symbol]                       0x0800044c   Section        0  stm32g0xx_hal.o(.text.HAL_InitTick)
    __arm_cp.1_0                             0x0800048c   Number         4  stm32g0xx_hal.o(.text.HAL_InitTick)
    [Anonymous Symbol]                       0x08000490   Section        0  stm32g0xx_hal_msp.o(.text.HAL_MspInit)
    __arm_cp.0_0                             0x080004b8   Number         4  stm32g0xx_hal_msp.o(.text.HAL_MspInit)
    [Anonymous Symbol]                       0x080004bc   Section        0  stm32g0xx_hal_cortex.o(.text.HAL_NVIC_SetPriority)
    [Anonymous Symbol]                       0x080004c4   Section        0  stm32g0xx_hal_pwr_ex.o(.text.HAL_PWREx_ControlVoltageScaling)
    __arm_cp.13_0                            0x0800050c   Number         4  stm32g0xx_hal_pwr_ex.o(.text.HAL_PWREx_ControlVoltageScaling)
    __arm_cp.13_2                            0x08000510   Number         4  stm32g0xx_hal_pwr_ex.o(.text.HAL_PWREx_ControlVoltageScaling)
    [Anonymous Symbol]                       0x08000514   Section        0  stm32g0xx_hal_rcc.o(.text.HAL_RCC_ClockConfig)
    __arm_cp.2_0                             0x08000674   Number         4  stm32g0xx_hal_rcc.o(.text.HAL_RCC_ClockConfig)
    __arm_cp.2_1                             0x08000678   Number         4  stm32g0xx_hal_rcc.o(.text.HAL_RCC_ClockConfig)
    __arm_cp.2_3                             0x0800067c   Number         4  stm32g0xx_hal_rcc.o(.text.HAL_RCC_ClockConfig)
    __arm_cp.2_4                             0x08000680   Number         4  stm32g0xx_hal_rcc.o(.text.HAL_RCC_ClockConfig)
    __arm_cp.2_5                             0x08000684   Number         4  stm32g0xx_hal_rcc.o(.text.HAL_RCC_ClockConfig)
    [Anonymous Symbol]                       0x08000688   Section        0  stm32g0xx_hal_rcc.o(.text.HAL_RCC_GetSysClockFreq)
    __arm_cp.3_0                             0x08000704   Number         4  stm32g0xx_hal_rcc.o(.text.HAL_RCC_GetSysClockFreq)
    __arm_cp.3_1                             0x08000708   Number         4  stm32g0xx_hal_rcc.o(.text.HAL_RCC_GetSysClockFreq)
    __arm_cp.3_2                             0x0800070c   Number         4  stm32g0xx_hal_rcc.o(.text.HAL_RCC_GetSysClockFreq)
    [Anonymous Symbol]                       0x08000710   Section        0  stm32g0xx_hal_rcc.o(.text.HAL_RCC_OscConfig)
    __arm_cp.1_9                             0x08000b1c   Number         4  stm32g0xx_hal_rcc.o(.text.HAL_RCC_OscConfig)
    __arm_cp.1_1                             0x08000b28   Number         4  stm32g0xx_hal_rcc.o(.text.HAL_RCC_OscConfig)
    __arm_cp.1_2                             0x08000b2c   Number         4  stm32g0xx_hal_rcc.o(.text.HAL_RCC_OscConfig)
    __arm_cp.1_3                             0x08000b30   Number         4  stm32g0xx_hal_rcc.o(.text.HAL_RCC_OscConfig)
    __arm_cp.1_4                             0x08000b34   Number         4  stm32g0xx_hal_rcc.o(.text.HAL_RCC_OscConfig)
    __arm_cp.1_5                             0x08000b38   Number         4  stm32g0xx_hal_rcc.o(.text.HAL_RCC_OscConfig)
    __arm_cp.1_6                             0x08000b3c   Number         4  stm32g0xx_hal_rcc.o(.text.HAL_RCC_OscConfig)
    __arm_cp.1_7                             0x08000b40   Number         4  stm32g0xx_hal_rcc.o(.text.HAL_RCC_OscConfig)
    [Anonymous Symbol]                       0x08000b44   Section        0  stm32g0xx_hal_cortex.o(.text.HAL_SYSTICK_Config)
    [Anonymous Symbol]                       0x08000b4c   Section        0  stm32g0xx_hal_tim_ex.o(.text.HAL_TIMEx_ConfigBreakDeadTime)
    __arm_cp.35_0                            0x08000bfc   Number         4  stm32g0xx_hal_tim_ex.o(.text.HAL_TIMEx_ConfigBreakDeadTime)
    __arm_cp.35_2                            0x08000c00   Number         4  stm32g0xx_hal_tim_ex.o(.text.HAL_TIMEx_ConfigBreakDeadTime)
    __arm_cp.35_3                            0x08000c04   Number         4  stm32g0xx_hal_tim_ex.o(.text.HAL_TIMEx_ConfigBreakDeadTime)
    [Anonymous Symbol]                       0x08000c08   Section        0  stm32g0xx_hal_tim_ex.o(.text.HAL_TIMEx_MasterConfigSynchronization)
    [Anonymous Symbol]                       0x08000c64   Section        0  stm32g0xx_hal_tim.o(.text.HAL_TIM_Base_Init)
    [Anonymous Symbol]                       0x08000cb0   Section        0  tim.o(.text.HAL_TIM_Base_MspInit)
    __arm_cp.2_1                             0x08000cd8   Number         4  tim.o(.text.HAL_TIM_Base_MspInit)
    [Anonymous Symbol]                       0x08000cdc   Section        0  stm32g0xx_hal_tim.o(.text.HAL_TIM_Base_Start)
    __arm_cp.5_1                             0x08000d28   Number         4  stm32g0xx_hal_tim.o(.text.HAL_TIM_Base_Start)
    [Anonymous Symbol]                       0x08000d2c   Section        0  stm32g0xx_hal_tim.o(.text.HAL_TIM_ConfigClockSource)
    __arm_cp.98_0                            0x08000e0c   Number         4  stm32g0xx_hal_tim.o(.text.HAL_TIM_ConfigClockSource)
    [Anonymous Symbol]                       0x08000e10   Section        0  tim.o(.text.HAL_TIM_MspPostInit)
    __arm_cp.1_0                             0x08000e5c   Number         4  tim.o(.text.HAL_TIM_MspPostInit)
    [Anonymous Symbol]                       0x08000e60   Section        0  stm32g0xx_hal_tim.o(.text.HAL_TIM_PWM_ConfigChannel)
    [Anonymous Symbol]                       0x08000f68   Section        0  stm32g0xx_hal_tim.o(.text.HAL_TIM_PWM_Init)
    [Anonymous Symbol]                       0x08000fb2   Section        0  stm32g0xx_hal_tim.o(.text.HAL_TIM_PWM_MspInit)
    [Anonymous Symbol]                       0x08000fb4   Section        0  stm32g0xx_hal_tim.o(.text.HAL_TIM_PWM_Start)
    __arm_cp.31_0                            0x0800108c   Number         4  stm32g0xx_hal_tim.o(.text.HAL_TIM_PWM_Start)
    __arm_cp.31_3                            0x08001090   Number         4  stm32g0xx_hal_tim.o(.text.HAL_TIM_PWM_Start)
    __arm_cp.31_4                            0x08001094   Number         4  stm32g0xx_hal_tim.o(.text.HAL_TIM_PWM_Start)
    __arm_cp.31_5                            0x08001098   Number         4  stm32g0xx_hal_tim.o(.text.HAL_TIM_PWM_Start)
    [Anonymous Symbol]                       0x0800109c   Section        0  stm32g0xx_it.o(.text.HardFault_Handler)
    [Anonymous Symbol]                       0x080010a0   Section        0  test.o(.text.Loop)
    __arm_cp.1_0                             0x080010d4   Number         4  test.o(.text.Loop)
    __arm_cp.1_1                             0x080010d8   Number         4  test.o(.text.Loop)
    __arm_cp.1_2                             0x080010dc   Number         4  test.o(.text.Loop)
    [Anonymous Symbol]                       0x080010e0   Section        0  gpio.o(.text.MX_GPIO_Init)
    __arm_cp.0_0                             0x08001108   Number         4  gpio.o(.text.MX_GPIO_Init)
    [Anonymous Symbol]                       0x0800110c   Section        0  tim.o(.text.MX_TIM1_Init)
    __arm_cp.0_1                             0x080011f0   Number         4  tim.o(.text.MX_TIM1_Init)
    __arm_cp.0_2                             0x080011f4   Number         4  tim.o(.text.MX_TIM1_Init)
    __arm_cp.0_3                             0x080011f8   Number         4  tim.o(.text.MX_TIM1_Init)
    [Anonymous Symbol]                       0x080011fc   Section        0  stm32g0xx_it.o(.text.NMI_Handler)
    [Anonymous Symbol]                       0x080011fe   Section        0  stm32g0xx_it.o(.text.PendSV_Handler)
    [Anonymous Symbol]                       0x08001200   Section        0  stm32g0xx_it.o(.text.SVC_Handler)
    [Anonymous Symbol]                       0x08001204   Section        0  test.o(.text.Setup)
    __arm_cp.0_0                             0x0800121c   Number         4  test.o(.text.Setup)
    SysTick_Config                           0x08001221   Thumb Code    36  stm32g0xx_hal_cortex.o(.text.SysTick_Config)
    [Anonymous Symbol]                       0x08001220   Section        0  stm32g0xx_hal_cortex.o(.text.SysTick_Config)
    __arm_cp.9_0                             0x08001244   Number         4  stm32g0xx_hal_cortex.o(.text.SysTick_Config)
    [Anonymous Symbol]                       0x08001248   Section        0  stm32g0xx_it.o(.text.SysTick_Handler)
    [Anonymous Symbol]                       0x08001250   Section        0  main.o(.text.SystemClock_Config)
    [Anonymous Symbol]                       0x080012b8   Section        0  system_stm32g0xx.o(.text.SystemInit)
    [Anonymous Symbol]                       0x080012bc   Section        0  stm32g0xx_hal_tim.o(.text.TIM_Base_SetConfig)
    __arm_cp.2_1                             0x08001338   Number         4  stm32g0xx_hal_tim.o(.text.TIM_Base_SetConfig)
    __arm_cp.2_2                             0x0800133c   Number         4  stm32g0xx_hal_tim.o(.text.TIM_Base_SetConfig)
    __arm_cp.2_5                             0x08001340   Number         4  stm32g0xx_hal_tim.o(.text.TIM_Base_SetConfig)
    [Anonymous Symbol]                       0x08001344   Section        0  stm32g0xx_hal_tim.o(.text.TIM_CCxChannelCmd)
    [Anonymous Symbol]                       0x0800135e   Section        0  stm32g0xx_hal_tim.o(.text.TIM_ETR_SetConfig)
    TIM_ITRx_SetConfig                       0x08001375   Thumb Code    16  stm32g0xx_hal_tim.o(.text.TIM_ITRx_SetConfig)
    [Anonymous Symbol]                       0x08001374   Section        0  stm32g0xx_hal_tim.o(.text.TIM_ITRx_SetConfig)
    __arm_cp.100_0                           0x08001384   Number         4  stm32g0xx_hal_tim.o(.text.TIM_ITRx_SetConfig)
    TIM_OC1_SetConfig                        0x08001389   Thumb Code   124  stm32g0xx_hal_tim.o(.text.TIM_OC1_SetConfig)
    [Anonymous Symbol]                       0x08001388   Section        0  stm32g0xx_hal_tim.o(.text.TIM_OC1_SetConfig)
    __arm_cp.74_0                            0x08001404   Number         4  stm32g0xx_hal_tim.o(.text.TIM_OC1_SetConfig)
    __arm_cp.74_1                            0x08001408   Number         4  stm32g0xx_hal_tim.o(.text.TIM_OC1_SetConfig)
    __arm_cp.74_2                            0x0800140c   Number         4  stm32g0xx_hal_tim.o(.text.TIM_OC1_SetConfig)
    [Anonymous Symbol]                       0x08001410   Section        0  stm32g0xx_hal_tim.o(.text.TIM_OC2_SetConfig)
    TIM_OC3_SetConfig                        0x08001489   Thumb Code   120  stm32g0xx_hal_tim.o(.text.TIM_OC3_SetConfig)
    [Anonymous Symbol]                       0x08001488   Section        0  stm32g0xx_hal_tim.o(.text.TIM_OC3_SetConfig)
    __arm_cp.76_0                            0x08001500   Number         4  stm32g0xx_hal_tim.o(.text.TIM_OC3_SetConfig)
    __arm_cp.76_1                            0x08001504   Number         4  stm32g0xx_hal_tim.o(.text.TIM_OC3_SetConfig)
    __arm_cp.76_4                            0x08001508   Number         4  stm32g0xx_hal_tim.o(.text.TIM_OC3_SetConfig)
    TIM_OC4_SetConfig                        0x0800150d   Thumb Code    92  stm32g0xx_hal_tim.o(.text.TIM_OC4_SetConfig)
    [Anonymous Symbol]                       0x0800150c   Section        0  stm32g0xx_hal_tim.o(.text.TIM_OC4_SetConfig)
    __arm_cp.77_3                            0x08001568   Number         4  stm32g0xx_hal_tim.o(.text.TIM_OC4_SetConfig)
    TIM_OC5_SetConfig                        0x0800156d   Thumb Code    88  stm32g0xx_hal_tim.o(.text.TIM_OC5_SetConfig)
    [Anonymous Symbol]                       0x0800156c   Section        0  stm32g0xx_hal_tim.o(.text.TIM_OC5_SetConfig)
    __arm_cp.78_0                            0x080015c4   Number         4  stm32g0xx_hal_tim.o(.text.TIM_OC5_SetConfig)
    TIM_OC6_SetConfig                        0x080015c9   Thumb Code    92  stm32g0xx_hal_tim.o(.text.TIM_OC6_SetConfig)
    [Anonymous Symbol]                       0x080015c8   Section        0  stm32g0xx_hal_tim.o(.text.TIM_OC6_SetConfig)
    __arm_cp.79_0                            0x08001624   Number         4  stm32g0xx_hal_tim.o(.text.TIM_OC6_SetConfig)
    __arm_cp.79_1                            0x08001628   Number         4  stm32g0xx_hal_tim.o(.text.TIM_OC6_SetConfig)
    __arm_cp.79_2                            0x0800162c   Number         4  stm32g0xx_hal_tim.o(.text.TIM_OC6_SetConfig)
    __arm_cp.79_3                            0x08001630   Number         4  stm32g0xx_hal_tim.o(.text.TIM_OC6_SetConfig)
    TIM_TI1_ConfigInputStage                 0x08001635   Thumb Code    34  stm32g0xx_hal_tim.o(.text.TIM_TI1_ConfigInputStage)
    [Anonymous Symbol]                       0x08001634   Section        0  stm32g0xx_hal_tim.o(.text.TIM_TI1_ConfigInputStage)
    TIM_TI2_ConfigInputStage                 0x08001657   Thumb Code    38  stm32g0xx_hal_tim.o(.text.TIM_TI2_ConfigInputStage)
    [Anonymous Symbol]                       0x08001656   Section        0  stm32g0xx_hal_tim.o(.text.TIM_TI2_ConfigInputStage)
    __NVIC_SetPriority                       0x0800167d   Thumb Code    56  stm32g0xx_hal_cortex.o(.text.__NVIC_SetPriority)
    [Anonymous Symbol]                       0x0800167c   Section        0  stm32g0xx_hal_cortex.o(.text.__NVIC_SetPriority)
    __arm_cp.1_0                             0x080016b4   Number         4  stm32g0xx_hal_cortex.o(.text.__NVIC_SetPriority)
    __arm_cp.1_1                             0x080016b8   Number         4  stm32g0xx_hal_cortex.o(.text.__NVIC_SetPriority)
    [Anonymous Symbol]                       0x080016bc   Section        0  buzzer.o(.text.buzzer_off)
    [Anonymous Symbol]                       0x080016c8   Section        0  buzzer.o(.text.buzzer_on)
    __arm_cp.0_0                             0x080016d4   Number         4  buzzer.o(.text.buzzer_on)
    [Anonymous Symbol]                       0x080016d8   Section        0  main.o(.text.main)
    .text_divfast                            0x080016f2   Section      502  aeabi_sdivfast.o(.text_divfast)
    .bss                                     0x20000010   Section       96  libspace.o(.bss)
    Heap_Mem                                 0x200000c8   Data         512  startup_stm32g030xx.o(HEAP)
    HEAP                                     0x200000c8   Section      512  startup_stm32g030xx.o(HEAP)
    Stack_Mem                                0x200002c8   Data        1024  startup_stm32g030xx.o(STACK)
    STACK                                    0x200002c8   Section     1024  startup_stm32g030xx.o(STACK)
    __initial_sp                             0x200006c8   Data           0  startup_stm32g030xx.o(STACK)

    Global Symbols

    Symbol Name                              Value     Ov Type        Size  Object(Section)

    BuildAttributes$$THM_ISAv3M$S$PE$A:L22$X:L11$S22$IEEE1$IW$~IW$USESV6$~STKCKD$USESV7$~SHL$OTIME$ROPI$EBA8$UX$STANDARDLIB$REQ8$PRES8$EABIv2 0x00000000   Number         0  anon$$obj.o ABSOLUTE
    __ARM_exceptions_init                     - Undefined Weak Reference
    __alloca_initialize                       - Undefined Weak Reference
    __arm_preinit_                            - Undefined Weak Reference
    __cpp_initialize__aeabi_                  - Undefined Weak Reference
    __cxa_finalize                            - Undefined Weak Reference
    __rt_locale                               - Undefined Weak Reference
    __sigvec_lookup                           - Undefined Weak Reference
    _atexit_init                              - Undefined Weak Reference
    _call_atexit_fns                          - Undefined Weak Reference
    _clock_init                               - Undefined Weak Reference
    _fp_trap_init                             - Undefined Weak Reference
    _fp_trap_shutdown                         - Undefined Weak Reference
    _get_lc_collate                           - Undefined Weak Reference
    _get_lc_ctype                             - Undefined Weak Reference
    _get_lc_monetary                          - Undefined Weak Reference
    _get_lc_numeric                           - Undefined Weak Reference
    _get_lc_time                              - Undefined Weak Reference
    _getenv_init                              - Undefined Weak Reference
    _handle_redirection                       - Undefined Weak Reference
    _init_alloc                               - Undefined Weak Reference
    _init_user_alloc                          - Undefined Weak Reference
    _initio                                   - Undefined Weak Reference
    _rand_init                                - Undefined Weak Reference
    _signal_finish                            - Undefined Weak Reference
    _signal_init                              - Undefined Weak Reference
    _terminate_alloc                          - Undefined Weak Reference
    _terminate_user_alloc                     - Undefined Weak Reference
    _terminateio                              - Undefined Weak Reference
    __Vectors_Size                           0x000000c0   Number         0  startup_stm32g030xx.o ABSOLUTE
    __Vectors                                0x08000000   Data           4  startup_stm32g030xx.o(RESET)
    __Vectors_End                            0x080000c0   Data           0  startup_stm32g030xx.o(RESET)
    __main                                   0x080000c1   Thumb Code     8  __main.o(!!!main)
    __scatterload                            0x080000c9   Thumb Code     0  __scatter.o(!!!scatter)
    __scatterload_rt2                        0x080000c9   Thumb Code    52  __scatter.o(!!!scatter)
    __scatterload_rt2_thumb_only             0x080000c9   Thumb Code     0  __scatter.o(!!!scatter)
    __scatterload_null                       0x080000d9   Thumb Code     0  __scatter.o(!!!scatter)
    __scatterload_copy                       0x08000105   Thumb Code    26  __scatter_copy.o(!!handler_copy)
    __scatterload_zeroinit                   0x08000121   Thumb Code    28  __scatter_zi.o(!!handler_zi)
    __rt_lib_init                            0x0800013d   Thumb Code     0  libinit.o(.ARM.Collect$$libinit$$00000000)
    __rt_lib_init_alloca_1                   0x0800013f   Thumb Code     0  libinit2.o(.ARM.Collect$$libinit$$0000002E)
    __rt_lib_init_argv_1                     0x0800013f   Thumb Code     0  libinit2.o(.ARM.Collect$$libinit$$0000002C)
    __rt_lib_init_atexit_1                   0x0800013f   Thumb Code     0  libinit2.o(.ARM.Collect$$libinit$$0000001B)
    __rt_lib_init_clock_1                    0x0800013f   Thumb Code     0  libinit2.o(.ARM.Collect$$libinit$$00000021)
    __rt_lib_init_cpp_1                      0x0800013f   Thumb Code     0  libinit2.o(.ARM.Collect$$libinit$$00000032)
    __rt_lib_init_exceptions_1               0x0800013f   Thumb Code     0  libinit2.o(.ARM.Collect$$libinit$$00000030)
    __rt_lib_init_fp_1                       0x0800013f   Thumb Code     0  libinit2.o(.ARM.Collect$$libinit$$00000002)
    __rt_lib_init_fp_trap_1                  0x0800013f   Thumb Code     0  libinit2.o(.ARM.Collect$$libinit$$0000001F)
    __rt_lib_init_getenv_1                   0x0800013f   Thumb Code     0  libinit2.o(.ARM.Collect$$libinit$$00000023)
    __rt_lib_init_heap_1                     0x0800013f   Thumb Code     0  libinit2.o(.ARM.Collect$$libinit$$0000000A)
    __rt_lib_init_lc_collate_1               0x0800013f   Thumb Code     0  libinit2.o(.ARM.Collect$$libinit$$00000011)
    __rt_lib_init_lc_ctype_1                 0x0800013f   Thumb Code     0  libinit2.o(.ARM.Collect$$libinit$$00000013)
    __rt_lib_init_lc_monetary_1              0x0800013f   Thumb Code     0  libinit2.o(.ARM.Collect$$libinit$$00000015)
    __rt_lib_init_lc_numeric_1               0x0800013f   Thumb Code     0  libinit2.o(.ARM.Collect$$libinit$$00000017)
    __rt_lib_init_lc_time_1                  0x0800013f   Thumb Code     0  libinit2.o(.ARM.Collect$$libinit$$00000019)
    __rt_lib_init_preinit_1                  0x0800013f   Thumb Code     0  libinit2.o(.ARM.Collect$$libinit$$00000004)
    __rt_lib_init_rand_1                     0x0800013f   Thumb Code     0  libinit2.o(.ARM.Collect$$libinit$$0000000E)
    __rt_lib_init_return                     0x0800013f   Thumb Code     0  libinit2.o(.ARM.Collect$$libinit$$00000033)
    __rt_lib_init_signal_1                   0x0800013f   Thumb Code     0  libinit2.o(.ARM.Collect$$libinit$$0000001D)
    __rt_lib_init_stdio_1                    0x0800013f   Thumb Code     0  libinit2.o(.ARM.Collect$$libinit$$00000025)
    __rt_lib_init_user_alloc_1               0x0800013f   Thumb Code     0  libinit2.o(.ARM.Collect$$libinit$$0000000C)
    __rt_lib_shutdown                        0x08000141   Thumb Code     0  libshutdown.o(.ARM.Collect$$libshutdown$$00000000)
    __rt_lib_shutdown_cpp_1                  0x08000143   Thumb Code     0  libshutdown2.o(.ARM.Collect$$libshutdown$$00000002)
    __rt_lib_shutdown_fp_trap_1              0x08000143   Thumb Code     0  libshutdown2.o(.ARM.Collect$$libshutdown$$00000007)
    __rt_lib_shutdown_heap_1                 0x08000143   Thumb Code     0  libshutdown2.o(.ARM.Collect$$libshutdown$$0000000F)
    __rt_lib_shutdown_return                 0x08000143   Thumb Code     0  libshutdown2.o(.ARM.Collect$$libshutdown$$00000010)
    __rt_lib_shutdown_signal_1               0x08000143   Thumb Code     0  libshutdown2.o(.ARM.Collect$$libshutdown$$0000000A)
    __rt_lib_shutdown_stdio_1                0x08000143   Thumb Code     0  libshutdown2.o(.ARM.Collect$$libshutdown$$00000004)
    __rt_lib_shutdown_user_alloc_1           0x08000143   Thumb Code     0  libshutdown2.o(.ARM.Collect$$libshutdown$$0000000C)
    __rt_entry                               0x08000145   Thumb Code     0  __rtentry.o(.ARM.Collect$$rtentry$$00000000)
    __rt_entry_presh_1                       0x08000145   Thumb Code     0  __rtentry2.o(.ARM.Collect$$rtentry$$00000002)
    __rt_entry_sh                            0x08000145   Thumb Code     0  __rtentry4.o(.ARM.Collect$$rtentry$$00000004)
    __rt_entry_li                            0x0800014b   Thumb Code     0  __rtentry2.o(.ARM.Collect$$rtentry$$0000000A)
    __rt_entry_postsh_1                      0x0800014b   Thumb Code     0  __rtentry2.o(.ARM.Collect$$rtentry$$00000009)
    __rt_entry_main                          0x0800014f   Thumb Code     0  __rtentry2.o(.ARM.Collect$$rtentry$$0000000D)
    __rt_entry_postli_1                      0x0800014f   Thumb Code     0  __rtentry2.o(.ARM.Collect$$rtentry$$0000000C)
    __rt_exit                                0x08000157   Thumb Code     0  rtexit.o(.ARM.Collect$$rtexit$$00000000)
    __rt_exit_ls                             0x08000159   Thumb Code     0  rtexit2.o(.ARM.Collect$$rtexit$$00000003)
    __rt_exit_prels_1                        0x08000159   Thumb Code     0  rtexit2.o(.ARM.Collect$$rtexit$$00000002)
    __rt_exit_exit                           0x0800015d   Thumb Code     0  rtexit2.o(.ARM.Collect$$rtexit$$00000004)
    Reset_Handler                            0x08000165   Thumb Code     8  startup_stm32g030xx.o(.text)
    ADC1_IRQHandler                          0x08000177   Thumb Code     0  startup_stm32g030xx.o(.text)
    DMA1_Ch4_5_DMAMUX1_OVR_IRQHandler        0x08000177   Thumb Code     0  startup_stm32g030xx.o(.text)
    DMA1_Channel1_IRQHandler                 0x08000177   Thumb Code     0  startup_stm32g030xx.o(.text)
    DMA1_Channel2_3_IRQHandler               0x08000177   Thumb Code     0  startup_stm32g030xx.o(.text)
    EXTI0_1_IRQHandler                       0x08000177   Thumb Code     0  startup_stm32g030xx.o(.text)
    EXTI2_3_IRQHandler                       0x08000177   Thumb Code     0  startup_stm32g030xx.o(.text)
    EXTI4_15_IRQHandler                      0x08000177   Thumb Code     0  startup_stm32g030xx.o(.text)
    FLASH_IRQHandler                         0x08000177   Thumb Code     0  startup_stm32g030xx.o(.text)
    I2C1_IRQHandler                          0x08000177   Thumb Code     0  startup_stm32g030xx.o(.text)
    I2C2_IRQHandler                          0x08000177   Thumb Code     0  startup_stm32g030xx.o(.text)
    RCC_IRQHandler                           0x08000177   Thumb Code     0  startup_stm32g030xx.o(.text)
    RTC_TAMP_IRQHandler                      0x08000177   Thumb Code     0  startup_stm32g030xx.o(.text)
    SPI1_IRQHandler                          0x08000177   Thumb Code     0  startup_stm32g030xx.o(.text)
    SPI2_IRQHandler                          0x08000177   Thumb Code     0  startup_stm32g030xx.o(.text)
    TIM14_IRQHandler                         0x08000177   Thumb Code     0  startup_stm32g030xx.o(.text)
    TIM16_IRQHandler                         0x08000177   Thumb Code     0  startup_stm32g030xx.o(.text)
    TIM17_IRQHandler                         0x08000177   Thumb Code     0  startup_stm32g030xx.o(.text)
    TIM1_BRK_UP_TRG_COM_IRQHandler           0x08000177   Thumb Code     0  startup_stm32g030xx.o(.text)
    TIM1_CC_IRQHandler                       0x08000177   Thumb Code     0  startup_stm32g030xx.o(.text)
    TIM3_IRQHandler                          0x08000177   Thumb Code     0  startup_stm32g030xx.o(.text)
    USART1_IRQHandler                        0x08000177   Thumb Code     0  startup_stm32g030xx.o(.text)
    USART2_IRQHandler                        0x08000177   Thumb Code     0  startup_stm32g030xx.o(.text)
    WWDG_IRQHandler                          0x08000177   Thumb Code     0  startup_stm32g030xx.o(.text)
    __user_initial_stackheap                 0x08000179   Thumb Code     0  startup_stm32g030xx.o(.text)
    _memset_w                                0x0800019d   Thumb Code    26  rt_memclr.o(.text)
    _memset                                  0x080001b7   Thumb Code    30  rt_memclr.o(.text)
    __aeabi_memclr                           0x080001d5   Thumb Code     4  rt_memclr.o(.text)
    __rt_memclr                              0x080001d5   Thumb Code     0  rt_memclr.o(.text)
    __aeabi_memclr4                          0x080001d9   Thumb Code     0  rt_memclr.o(.text)
    __aeabi_memclr8                          0x080001d9   Thumb Code     0  rt_memclr.o(.text)
    __rt_memclr_w                            0x080001d9   Thumb Code     4  rt_memclr.o(.text)
    __use_two_region_memory                  0x080001dd   Thumb Code     2  heapauxi.o(.text)
    __rt_heap_escrow$2region                 0x080001df   Thumb Code     2  heapauxi.o(.text)
    __rt_heap_expand$2region                 0x080001e1   Thumb Code     2  heapauxi.o(.text)
    __user_setup_stackheap                   0x080001e3   Thumb Code    62  sys_stackheap_outer.o(.text)
    exit                                     0x08000221   Thumb Code    16  exit.o(.text)
    __user_libspace                          0x08000231   Thumb Code     8  libspace.o(.text)
    __user_perproc_libspace                  0x08000231   Thumb Code     0  libspace.o(.text)
    __user_perthread_libspace                0x08000231   Thumb Code     0  libspace.o(.text)
    _sys_exit                                0x08000239   Thumb Code     8  sys_exit.o(.text)
    __I$use$semihosting                      0x08000245   Thumb Code     0  use_no_semi.o(.text)
    __use_no_semihosting_swi                 0x08000245   Thumb Code     2  use_no_semi.o(.text)
    Error_Handler                            0x08000247   Thumb Code     8  main.o(.text.Error_Handler)
    __semihosting_library_function           0x08000247   Thumb Code     0  indicate_semi.o(.text)
    HAL_Delay                                0x08000251   Thumb Code    32  stm32g0xx_hal.o(.text.HAL_Delay)
    HAL_GPIO_Init                            0x08000271   Thumb Code   388  stm32g0xx_hal_gpio.o(.text.HAL_GPIO_Init)
    HAL_GetTick                              0x08000409   Thumb Code     8  stm32g0xx_hal.o(.text.HAL_GetTick)
    HAL_IncTick                              0x08000411   Thumb Code    16  stm32g0xx_hal.o(.text.HAL_IncTick)
    HAL_Init                                 0x08000425   Thumb Code    40  stm32g0xx_hal.o(.text.HAL_Init)
    HAL_InitTick                             0x0800044d   Thumb Code    64  stm32g0xx_hal.o(.text.HAL_InitTick)
    HAL_MspInit                              0x08000491   Thumb Code    40  stm32g0xx_hal_msp.o(.text.HAL_MspInit)
    HAL_NVIC_SetPriority                     0x080004bd   Thumb Code     8  stm32g0xx_hal_cortex.o(.text.HAL_NVIC_SetPriority)
    HAL_PWREx_ControlVoltageScaling          0x080004c5   Thumb Code    72  stm32g0xx_hal_pwr_ex.o(.text.HAL_PWREx_ControlVoltageScaling)
    HAL_RCC_ClockConfig                      0x08000515   Thumb Code   352  stm32g0xx_hal_rcc.o(.text.HAL_RCC_ClockConfig)
    HAL_RCC_GetSysClockFreq                  0x08000689   Thumb Code   124  stm32g0xx_hal_rcc.o(.text.HAL_RCC_GetSysClockFreq)
    HAL_RCC_OscConfig                        0x08000711   Thumb Code  1048  stm32g0xx_hal_rcc.o(.text.HAL_RCC_OscConfig)
    HAL_SYSTICK_Config                       0x08000b45   Thumb Code     8  stm32g0xx_hal_cortex.o(.text.HAL_SYSTICK_Config)
    HAL_TIMEx_ConfigBreakDeadTime            0x08000b4d   Thumb Code   176  stm32g0xx_hal_tim_ex.o(.text.HAL_TIMEx_ConfigBreakDeadTime)
    HAL_TIMEx_MasterConfigSynchronization    0x08000c09   Thumb Code    92  stm32g0xx_hal_tim_ex.o(.text.HAL_TIMEx_MasterConfigSynchronization)
    HAL_TIM_Base_Init                        0x08000c65   Thumb Code    74  stm32g0xx_hal_tim.o(.text.HAL_TIM_Base_Init)
    HAL_TIM_Base_MspInit                     0x08000cb1   Thumb Code    40  tim.o(.text.HAL_TIM_Base_MspInit)
    HAL_TIM_Base_Start                       0x08000cdd   Thumb Code    76  stm32g0xx_hal_tim.o(.text.HAL_TIM_Base_Start)
    HAL_TIM_ConfigClockSource                0x08000d2d   Thumb Code   224  stm32g0xx_hal_tim.o(.text.HAL_TIM_ConfigClockSource)
    HAL_TIM_MspPostInit                      0x08000e11   Thumb Code    76  tim.o(.text.HAL_TIM_MspPostInit)
    HAL_TIM_PWM_ConfigChannel                0x08000e61   Thumb Code   264  stm32g0xx_hal_tim.o(.text.HAL_TIM_PWM_ConfigChannel)
    HAL_TIM_PWM_Init                         0x08000f69   Thumb Code    74  stm32g0xx_hal_tim.o(.text.HAL_TIM_PWM_Init)
    HAL_TIM_PWM_MspInit                      0x08000fb3   Thumb Code     2  stm32g0xx_hal_tim.o(.text.HAL_TIM_PWM_MspInit)
    HAL_TIM_PWM_Start                        0x08000fb5   Thumb Code   216  stm32g0xx_hal_tim.o(.text.HAL_TIM_PWM_Start)
    HardFault_Handler                        0x0800109d   Thumb Code     2  stm32g0xx_it.o(.text.HardFault_Handler)
    Loop                                     0x080010a1   Thumb Code    52  test.o(.text.Loop)
    MX_GPIO_Init                             0x080010e1   Thumb Code    40  gpio.o(.text.MX_GPIO_Init)
    MX_TIM1_Init                             0x0800110d   Thumb Code   228  tim.o(.text.MX_TIM1_Init)
    NMI_Handler                              0x080011fd   Thumb Code     2  stm32g0xx_it.o(.text.NMI_Handler)
    PendSV_Handler                           0x080011ff   Thumb Code     2  stm32g0xx_it.o(.text.PendSV_Handler)
    SVC_Handler                              0x08001201   Thumb Code     2  stm32g0xx_it.o(.text.SVC_Handler)
    Setup                                    0x08001205   Thumb Code    24  test.o(.text.Setup)
    SysTick_Handler                          0x08001249   Thumb Code     8  stm32g0xx_it.o(.text.SysTick_Handler)
    SystemClock_Config                       0x08001251   Thumb Code   104  main.o(.text.SystemClock_Config)
    SystemInit                               0x080012b9   Thumb Code     2  system_stm32g0xx.o(.text.SystemInit)
    TIM_Base_SetConfig                       0x080012bd   Thumb Code   124  stm32g0xx_hal_tim.o(.text.TIM_Base_SetConfig)
    TIM_CCxChannelCmd                        0x08001345   Thumb Code    26  stm32g0xx_hal_tim.o(.text.TIM_CCxChannelCmd)
    TIM_ETR_SetConfig                        0x0800135f   Thumb Code    22  stm32g0xx_hal_tim.o(.text.TIM_ETR_SetConfig)
    TIM_OC2_SetConfig                        0x08001411   Thumb Code   120  stm32g0xx_hal_tim.o(.text.TIM_OC2_SetConfig)
    buzzer_off                               0x080016bd   Thumb Code    12  buzzer.o(.text.buzzer_off)
    buzzer_on                                0x080016c9   Thumb Code    12  buzzer.o(.text.buzzer_on)
    main                                     0x080016d9   Thumb Code    26  main.o(.text.main)
    __aeabi_uidiv                            0x080016f3   Thumb Code    68  aeabi_sdivfast.o(.text_divfast)
    __aeabi_idiv                             0x08001737   Thumb Code   434  aeabi_sdivfast.o(.text_divfast)
    AHBPrescTable                            0x080018e8   Data          64  system_stm32g0xx.o(.rodata.AHBPrescTable)
    Region$$Table$$Base                      0x08001928   Number         0  anon$$obj.o(Region$$Table)
    Region$$Table$$Limit                     0x08001948   Number         0  anon$$obj.o(Region$$Table)
    SystemCoreClock                          0x20000000   Data           4  system_stm32g0xx.o(.data.SystemCoreClock)
    pwm                                      0x20000004   Data           2  test.o(.data.pwm)
    uwTickFreq                               0x20000006   Data           1  stm32g0xx_hal.o(.data.uwTickFreq)
    uwTickPrio                               0x20000008   Data           4  stm32g0xx_hal.o(.data.uwTickPrio)
    __libspace_start                         0x20000010   Data          96  libspace.o(.bss)
    __temporary_stack_top$libspace           0x20000070   Data           0  libspace.o(.bss)
    htim1                                    0x20000070   Data          76  tim.o(.bss.htim1)
    psc                                      0x200000bc   Data           2  test.o(.bss.psc)
    uwTick                                   0x200000c0   Data           4  stm32g0xx_hal.o(.bss.uwTick)



==============================================================================

Memory Map of the image

  Image Entry point : 0x080000c1

  Load Region LR_IROM1 (Base: 0x08000000, Size: 0x00001958, Max: 0x00010000, ABSOLUTE)

    Execution Region ER_IROM1 (Exec base: 0x08000000, Load base: 0x08000000, Size: 0x00001948, Max: 0x00010000, ABSOLUTE)

    Exec Addr    Load Addr    Size         Type   Attr      Idx    E Section Name        Object

    0x08000000   0x08000000   0x000000c0   Data   RO            3    RESET               startup_stm32g030xx.o
    0x080000c0   0x080000c0   0x00000008   Code   RO          921  * !!!main             c_p.l(__main.o)
    0x080000c8   0x080000c8   0x0000003c   Code   RO         1096    !!!scatter          c_p.l(__scatter.o)
    0x08000104   0x08000104   0x0000001a   Code   RO         1098    !!handler_copy      c_p.l(__scatter_copy.o)
    0x0800011e   0x0800011e   0x00000002   PAD
    0x08000120   0x08000120   0x0000001c   Code   RO         1100    !!handler_zi        c_p.l(__scatter_zi.o)
    0x0800013c   0x0800013c   0x00000002   Code   RO          959    .ARM.Collect$$libinit$$00000000  c_p.l(libinit.o)
    0x0800013e   0x0800013e   0x00000000   Code   RO          973    .ARM.Collect$$libinit$$00000002  c_p.l(libinit2.o)
    0x0800013e   0x0800013e   0x00000000   Code   RO          975    .ARM.Collect$$libinit$$00000004  c_p.l(libinit2.o)
    0x0800013e   0x0800013e   0x00000000   Code   RO          978    .ARM.Collect$$libinit$$0000000A  c_p.l(libinit2.o)
    0x0800013e   0x0800013e   0x00000000   Code   RO          980    .ARM.Collect$$libinit$$0000000C  c_p.l(libinit2.o)
    0x0800013e   0x0800013e   0x00000000   Code   RO          982    .ARM.Collect$$libinit$$0000000E  c_p.l(libinit2.o)
    0x0800013e   0x0800013e   0x00000000   Code   RO          985    .ARM.Collect$$libinit$$00000011  c_p.l(libinit2.o)
    0x0800013e   0x0800013e   0x00000000   Code   RO          987    .ARM.Collect$$libinit$$00000013  c_p.l(libinit2.o)
    0x0800013e   0x0800013e   0x00000000   Code   RO          989    .ARM.Collect$$libinit$$00000015  c_p.l(libinit2.o)
    0x0800013e   0x0800013e   0x00000000   Code   RO          991    .ARM.Collect$$libinit$$00000017  c_p.l(libinit2.o)
    0x0800013e   0x0800013e   0x00000000   Code   RO          993    .ARM.Collect$$libinit$$00000019  c_p.l(libinit2.o)
    0x0800013e   0x0800013e   0x00000000   Code   RO          995    .ARM.Collect$$libinit$$0000001B  c_p.l(libinit2.o)
    0x0800013e   0x0800013e   0x00000000   Code   RO          997    .ARM.Collect$$libinit$$0000001D  c_p.l(libinit2.o)
    0x0800013e   0x0800013e   0x00000000   Code   RO          999    .ARM.Collect$$libinit$$0000001F  c_p.l(libinit2.o)
    0x0800013e   0x0800013e   0x00000000   Code   RO         1001    .ARM.Collect$$libinit$$00000021  c_p.l(libinit2.o)
    0x0800013e   0x0800013e   0x00000000   Code   RO         1003    .ARM.Collect$$libinit$$00000023  c_p.l(libinit2.o)
    0x0800013e   0x0800013e   0x00000000   Code   RO         1005    .ARM.Collect$$libinit$$00000025  c_p.l(libinit2.o)
    0x0800013e   0x0800013e   0x00000000   Code   RO         1009    .ARM.Collect$$libinit$$0000002C  c_p.l(libinit2.o)
    0x0800013e   0x0800013e   0x00000000   Code   RO         1011    .ARM.Collect$$libinit$$0000002E  c_p.l(libinit2.o)
    0x0800013e   0x0800013e   0x00000000   Code   RO         1013    .ARM.Collect$$libinit$$00000030  c_p.l(libinit2.o)
    0x0800013e   0x0800013e   0x00000000   Code   RO         1015    .ARM.Collect$$libinit$$00000032  c_p.l(libinit2.o)
    0x0800013e   0x0800013e   0x00000002   Code   RO         1016    .ARM.Collect$$libinit$$00000033  c_p.l(libinit2.o)
    0x08000140   0x08000140   0x00000002   Code   RO         1051    .ARM.Collect$$libshutdown$$00000000  c_p.l(libshutdown.o)
    0x08000142   0x08000142   0x00000000   Code   RO         1079    .ARM.Collect$$libshutdown$$00000002  c_p.l(libshutdown2.o)
    0x08000142   0x08000142   0x00000000   Code   RO         1081    .ARM.Collect$$libshutdown$$00000004  c_p.l(libshutdown2.o)
    0x08000142   0x08000142   0x00000000   Code   RO         1084    .ARM.Collect$$libshutdown$$00000007  c_p.l(libshutdown2.o)
    0x08000142   0x08000142   0x00000000   Code   RO         1087    .ARM.Collect$$libshutdown$$0000000A  c_p.l(libshutdown2.o)
    0x08000142   0x08000142   0x00000000   Code   RO         1089    .ARM.Collect$$libshutdown$$0000000C  c_p.l(libshutdown2.o)
    0x08000142   0x08000142   0x00000000   Code   RO         1092    .ARM.Collect$$libshutdown$$0000000F  c_p.l(libshutdown2.o)
    0x08000142   0x08000142   0x00000002   Code   RO         1093    .ARM.Collect$$libshutdown$$00000010  c_p.l(libshutdown2.o)
    0x08000144   0x08000144   0x00000000   Code   RO          923    .ARM.Collect$$rtentry$$00000000  c_p.l(__rtentry.o)
    0x08000144   0x08000144   0x00000000   Code   RO          929    .ARM.Collect$$rtentry$$00000002  c_p.l(__rtentry2.o)
    0x08000144   0x08000144   0x00000006   Code   RO          941    .ARM.Collect$$rtentry$$00000004  c_p.l(__rtentry4.o)
    0x0800014a   0x0800014a   0x00000000   Code   RO          931    .ARM.Collect$$rtentry$$00000009  c_p.l(__rtentry2.o)
    0x0800014a   0x0800014a   0x00000004   Code   RO          932    .ARM.Collect$$rtentry$$0000000A  c_p.l(__rtentry2.o)
    0x0800014e   0x0800014e   0x00000000   Code   RO          934    .ARM.Collect$$rtentry$$0000000C  c_p.l(__rtentry2.o)
    0x0800014e   0x0800014e   0x00000008   Code   RO          935    .ARM.Collect$$rtentry$$0000000D  c_p.l(__rtentry2.o)
    0x08000156   0x08000156   0x00000002   Code   RO          964    .ARM.Collect$$rtexit$$00000000  c_p.l(rtexit.o)
    0x08000158   0x08000158   0x00000000   Code   RO         1022    .ARM.Collect$$rtexit$$00000002  c_p.l(rtexit2.o)
    0x08000158   0x08000158   0x00000004   Code   RO         1023    .ARM.Collect$$rtexit$$00000003  c_p.l(rtexit2.o)
    0x0800015c   0x0800015c   0x00000006   Code   RO         1024    .ARM.Collect$$rtexit$$00000004  c_p.l(rtexit2.o)
    0x08000162   0x08000162   0x00000002   PAD
    0x08000164   0x08000164   0x00000038   Code   RO            4    .text               startup_stm32g030xx.o
    0x0800019c   0x0800019c   0x00000040   Code   RO          909    .text               c_p.l(rt_memclr.o)
    0x080001dc   0x080001dc   0x00000006   Code   RO          919    .text               c_p.l(heapauxi.o)
    0x080001e2   0x080001e2   0x0000003e   Code   RO          945    .text               c_p.l(sys_stackheap_outer.o)
    0x08000220   0x08000220   0x00000010   Code   RO          948    .text               c_p.l(exit.o)
    0x08000230   0x08000230   0x00000008   Code   RO          960    .text               c_p.l(libspace.o)
    0x08000238   0x08000238   0x0000000c   Code   RO         1017    .text               c_p.l(sys_exit.o)
    0x08000244   0x08000244   0x00000002   Code   RO         1040    .text               c_p.l(use_no_semi.o)
    0x08000246   0x08000246   0x00000000   Code   RO         1042    .text               c_p.l(indicate_semi.o)
    0x08000246   0x08000246   0x00000008   Code   RO           15    .text.Error_Handler  main.o
    0x0800024e   0x0800024e   0x00000002   PAD
    0x08000250   0x08000250   0x00000020   Code   RO          794    .text.HAL_Delay     stm32g0xx_hal.o
    0x08000270   0x08000270   0x00000198   Code   RO          563    .text.HAL_GPIO_Init  stm32g0xx_hal_gpio.o
    0x08000408   0x08000408   0x00000008   Code   RO          786    .text.HAL_GetTick   stm32g0xx_hal.o
    0x08000410   0x08000410   0x00000014   Code   RO          784    .text.HAL_IncTick   stm32g0xx_hal.o
    0x08000424   0x08000424   0x00000028   Code   RO          774    .text.HAL_Init      stm32g0xx_hal.o
    0x0800044c   0x0800044c   0x00000044   Code   RO          776    .text.HAL_InitTick  stm32g0xx_hal.o
    0x08000490   0x08000490   0x0000002c   Code   RO           67    .text.HAL_MspInit   stm32g0xx_hal_msp.o
    0x080004bc   0x080004bc   0x00000008   Code   RO          718    .text.HAL_NVIC_SetPriority  stm32g0xx_hal_cortex.o
    0x080004c4   0x080004c4   0x00000050   Code   RO          704    .text.HAL_PWREx_ControlVoltageScaling  stm32g0xx_hal_pwr_ex.o
    0x08000514   0x08000514   0x00000174   Code   RO          433    .text.HAL_RCC_ClockConfig  stm32g0xx_hal_rcc.o
    0x08000688   0x08000688   0x00000088   Code   RO          435    .text.HAL_RCC_GetSysClockFreq  stm32g0xx_hal_rcc.o
    0x08000710   0x08000710   0x00000434   Code   RO          431    .text.HAL_RCC_OscConfig  stm32g0xx_hal_rcc.o
    0x08000b44   0x08000b44   0x00000008   Code   RO          734    .text.HAL_SYSTICK_Config  stm32g0xx_hal_cortex.o
    0x08000b4c   0x08000b4c   0x000000bc   Code   RO          395    .text.HAL_TIMEx_ConfigBreakDeadTime  stm32g0xx_hal_tim_ex.o
    0x08000c08   0x08000c08   0x0000005c   Code   RO          393    .text.HAL_TIMEx_MasterConfigSynchronization  stm32g0xx_hal_tim_ex.o
    0x08000c64   0x08000c64   0x0000004a   Code   RO           75    .text.HAL_TIM_Base_Init  stm32g0xx_hal_tim.o
    0x08000cae   0x08000cae   0x00000002   PAD
    0x08000cb0   0x08000cb0   0x0000002c   Code   RO           37    .text.HAL_TIM_Base_MspInit  tim.o
    0x08000cdc   0x08000cdc   0x00000050   Code   RO           85    .text.HAL_TIM_Base_Start  stm32g0xx_hal_tim.o
    0x08000d2c   0x08000d2c   0x000000e4   Code   RO          271    .text.HAL_TIM_ConfigClockSource  stm32g0xx_hal_tim.o
    0x08000e10   0x08000e10   0x00000050   Code   RO           35    .text.HAL_TIM_MspPostInit  tim.o
    0x08000e60   0x08000e60   0x00000108   Code   RO          245    .text.HAL_TIM_PWM_ConfigChannel  stm32g0xx_hal_tim.o
    0x08000f68   0x08000f68   0x0000004a   Code   RO          129    .text.HAL_TIM_PWM_Init  stm32g0xx_hal_tim.o
    0x08000fb2   0x08000fb2   0x00000002   Code   RO          131    .text.HAL_TIM_PWM_MspInit  stm32g0xx_hal_tim.o
    0x08000fb4   0x08000fb4   0x000000e8   Code   RO          137    .text.HAL_TIM_PWM_Start  stm32g0xx_hal_tim.o
    0x0800109c   0x0800109c   0x00000002   Code   RO           52    .text.HardFault_Handler  stm32g0xx_it.o
    0x0800109e   0x0800109e   0x00000002   PAD
    0x080010a0   0x080010a0   0x00000040   Code   RO          897    .text.Loop          test.o
    0x080010e0   0x080010e0   0x0000002c   Code   RO           25    .text.MX_GPIO_Init  gpio.o
    0x0800110c   0x0800110c   0x000000f0   Code   RO           33    .text.MX_TIM1_Init  tim.o
    0x080011fc   0x080011fc   0x00000002   Code   RO           50    .text.NMI_Handler   stm32g0xx_it.o
    0x080011fe   0x080011fe   0x00000002   Code   RO           56    .text.PendSV_Handler  stm32g0xx_it.o
    0x08001200   0x08001200   0x00000002   Code   RO           54    .text.SVC_Handler   stm32g0xx_it.o
    0x08001202   0x08001202   0x00000002   PAD
    0x08001204   0x08001204   0x0000001c   Code   RO          895    .text.Setup         test.o
    0x08001220   0x08001220   0x00000028   Code   RO          736    .text.SysTick_Config  stm32g0xx_hal_cortex.o
    0x08001248   0x08001248   0x00000008   Code   RO           58    .text.SysTick_Handler  stm32g0xx_it.o
    0x08001250   0x08001250   0x00000068   Code   RO           13    .text.SystemClock_Config  main.o
    0x080012b8   0x080012b8   0x00000002   Code   RO          869    .text.SystemInit    system_stm32g0xx.o
    0x080012ba   0x080012ba   0x00000002   PAD
    0x080012bc   0x080012bc   0x00000088   Code   RO           79    .text.TIM_Base_SetConfig  stm32g0xx_hal_tim.o
    0x08001344   0x08001344   0x0000001a   Code   RO          113    .text.TIM_CCxChannelCmd  stm32g0xx_hal_tim.o
    0x0800135e   0x0800135e   0x00000016   Code   RO          269    .text.TIM_ETR_SetConfig  stm32g0xx_hal_tim.o
    0x08001374   0x08001374   0x00000014   Code   RO          275    .text.TIM_ITRx_SetConfig  stm32g0xx_hal_tim.o
    0x08001388   0x08001388   0x00000088   Code   RO          223    .text.TIM_OC1_SetConfig  stm32g0xx_hal_tim.o
    0x08001410   0x08001410   0x00000078   Code   RO          225    .text.TIM_OC2_SetConfig  stm32g0xx_hal_tim.o
    0x08001488   0x08001488   0x00000084   Code   RO          227    .text.TIM_OC3_SetConfig  stm32g0xx_hal_tim.o
    0x0800150c   0x0800150c   0x00000060   Code   RO          229    .text.TIM_OC4_SetConfig  stm32g0xx_hal_tim.o
    0x0800156c   0x0800156c   0x0000005c   Code   RO          231    .text.TIM_OC5_SetConfig  stm32g0xx_hal_tim.o
    0x080015c8   0x080015c8   0x0000006c   Code   RO          233    .text.TIM_OC6_SetConfig  stm32g0xx_hal_tim.o
    0x08001634   0x08001634   0x00000022   Code   RO          273    .text.TIM_TI1_ConfigInputStage  stm32g0xx_hal_tim.o
    0x08001656   0x08001656   0x00000026   Code   RO          277    .text.TIM_TI2_ConfigInputStage  stm32g0xx_hal_tim.o
    0x0800167c   0x0800167c   0x00000040   Code   RO          720    .text.__NVIC_SetPriority  stm32g0xx_hal_cortex.o
    0x080016bc   0x080016bc   0x0000000c   Code   RO          886    .text.buzzer_off    buzzer.o
    0x080016c8   0x080016c8   0x00000010   Code   RO          884    .text.buzzer_on     buzzer.o
    0x080016d8   0x080016d8   0x0000001a   Code   RO           11    .text.main          main.o
    0x080016f2   0x080016f2   0x000001f6   Code   RO          912    .text_divfast       c_p.l(aeabi_sdivfast.o)
    0x080018e8   0x080018e8   0x00000040   Data   RO          874    .rodata.AHBPrescTable  system_stm32g0xx.o
    0x08001928   0x08001928   0x00000020   Data   RO         1095    Region$$Table       anon$$obj.o


    Execution Region RW_IRAM1 (Exec base: 0x20000000, Load base: 0x08001948, Size: 0x000006c8, Max: 0x00002000, ABSOLUTE)

    Exec Addr    Load Addr    Size         Type   Attr      Idx    E Section Name        Object

    0x20000000   0x08001948   0x00000004   Data   RW          873    .data.SystemCoreClock  system_stm32g0xx.o
    0x20000004   0x0800194c   0x00000002   Data   RW          900    .data.pwm           test.o
    0x20000006   0x0800194e   0x00000001   Data   RW          833    .data.uwTickFreq    stm32g0xx_hal.o
    0x20000007   0x0800194f   0x00000001   PAD
    0x20000008   0x08001950   0x00000004   Data   RW          832    .data.uwTickPrio    stm32g0xx_hal.o
    0x2000000c   0x08001954   0x00000004   PAD
    0x20000010        -       0x00000060   Zero   RW          961    .bss                c_p.l(libspace.o)
    0x20000070        -       0x0000004c   Zero   RW           41    .bss.htim1          tim.o
    0x200000bc        -       0x00000002   Zero   RW          899    .bss.psc            test.o
    0x200000be   0x08001954   0x00000002   PAD
    0x200000c0        -       0x00000004   Zero   RW          834    .bss.uwTick         stm32g0xx_hal.o
    0x200000c4   0x08001954   0x00000004   PAD
    0x200000c8        -       0x00000200   Zero   RW            2    HEAP                startup_stm32g030xx.o
    0x200002c8        -       0x00000400   Zero   RW            1    STACK               startup_stm32g030xx.o


==============================================================================

Image component sizes


      Code (inc. data)   RO Data    RW Data    ZI Data      Debug   Object Name

        28          4          0          0          0        611   buzzer.o
        44          4          0          0          0       1200   gpio.o
       138          0          0          0          0       1631   main.o
        56         26        192          0       1536        592   startup_stm32g030xx.o
       168          8          0          5          4       6728   stm32g0xx_hal.o
       120         12          0          0          0       6846   stm32g0xx_hal_cortex.o
       408         20          0          0          0       4753   stm32g0xx_hal_gpio.o
        44          4          0          0          0       1227   stm32g0xx_hal_msp.o
        80          8          0          0          0       4933   stm32g0xx_hal_pwr_ex.o
      1584         80          0          0          0       8596   stm32g0xx_hal_rcc.o
      1914        102          0          0          0      50779   stm32g0xx_hal_tim.o
       280         12          0          0          0      22956   stm32g0xx_hal_tim_ex.o
        16          0          0          0          0        677   stm32g0xx_it.o
         2          0         64          4          0       1903   system_stm32g0xx.o
        92         16          0          2          2       1639   test.o
       364         20          0          0         76       6900   tim.o

    ----------------------------------------------------------------------
      5348        316        288         12       1628     121971   Object Totals
         0          0         32          0          0          0   (incl. Generated)
        10          0          0          1         10          0   (incl. Padding)

    ----------------------------------------------------------------------

      Code (inc. data)   RO Data    RW Data    ZI Data      Debug   Library Member Name

         8          0          0          0          0         68   __main.o
         0          0          0          0          0          0   __rtentry.o
        12          0          0          0          0          0   __rtentry2.o
         6          0          0          0          0          0   __rtentry4.o
        60          8          0          0          0          0   __scatter.o
        26          0          0          0          0          0   __scatter_copy.o
        28          0          0          0          0          0   __scatter_zi.o
       502          0          0          0          0         92   aeabi_sdivfast.o
        16          0          0          0          0         68   exit.o
         6          0          0          0          0        136   heapauxi.o
         0          0          0          0          0          0   indicate_semi.o
         2          0          0          0          0          0   libinit.o
         2          0          0          0          0          0   libinit2.o
         2          0          0          0          0          0   libshutdown.o
         2          0          0          0          0          0   libshutdown2.o
         8          4          0          0         96         68   libspace.o
        64          0          0          0          0        108   rt_memclr.o
         2          0          0          0          0          0   rtexit.o
        10          0          0          0          0          0   rtexit2.o
        12          4          0          0          0         60   sys_exit.o
        62          0          0          0          0         80   sys_stackheap_outer.o
         2          0          0          0          0         68   use_no_semi.o

    ----------------------------------------------------------------------
       836         16          0          0         96        748   Library Totals
         4          0          0          0          0          0   (incl. Padding)

    ----------------------------------------------------------------------

      Code (inc. data)   RO Data    RW Data    ZI Data      Debug   Library Name

       832         16          0          0         96        748   c_p.l

    ----------------------------------------------------------------------
       836         16          0          0         96        748   Library Totals

    ----------------------------------------------------------------------

==============================================================================


      Code (inc. data)   RO Data    RW Data    ZI Data      Debug   

      6184        332        288         12       1724     122251   Grand Totals
      6184        332        288         12       1724     122251   ELF Image Totals
      6184        332        288         12          0          0   ROM Totals

==============================================================================

    Total RO  Size (Code + RO Data)                 6472 (   6.32kB)
    Total RW  Size (RW Data + ZI Data)              1736 (   1.70kB)
    Total ROM Size (Code + RO Data + RW Data)       6484 (   6.33kB)

==============================================================================

